Configuring OpenSSL version 3.5.8 for target linux-x86_64
Using os-specific seed configuration
Created configdata.pm
Running configdata.pm
Created Makefile.in
Created Makefile
Created include/openssl/configuration.h

**********************************************************************
***                                                                ***
***   OpenSSL has been successfully configured                     ***
***                                                                ***
***   If you encounter a problem while building, please open an    ***
***   issue on GitHub <https://github.com/openssl/openssl/issues>  ***
***   and include the output from the following command:           ***
***                                                                ***
***       perl configdata.pm --dump                                ***
***                                                                ***
***   (If you are new to OpenSSL, you might want to consult the    ***
***   'Troubleshooting' section in the INSTALL.md file first)      ***
***                                                                ***
**********************************************************************
/usr/bin/perl ../../deps/openssl/util/mkinstallvars.pl COMMENT="This file should be used when building against this OpenSSL build, and should never be installed" PREFIX=. BINDIR=apps APPLINKDIR=ms LIBDIR= INCLUDEDIR=include "INCLUDEDIR=../../deps/openssl/include" ENGINESDIR=engines MODULESDIR=providers "VERSION=3.5.8" "LDLIBS=-ldl -pthread " > builddata.pm
/usr/bin/perl "-I." "-I../../deps/openssl/util/perl" "-Mconfigdata" "-MOpenSSL::paramnames" "../../deps/openssl/util/dofile.pl" "-oMakefile" ../../deps/openssl/crypto/params_idx.c.in > crypto/params_idx.c
/usr/bin/perl ../../deps/openssl/util/mkinstallvars.pl "PREFIX=/usr/local" BINDIR=bin "LIBDIR=lib64" "libdir=/usr/local/lib64" INCLUDEDIR=include APPLINKDIR=include/openssl "ENGINESDIR=/usr/local/lib64/engines-3" "MODULESDIR=/usr/local/lib64/ossl-modules" "PKGCONFIGDIR=/usr/local/lib64/pkgconfig" "CMAKECONFIGDIR=/usr/local/lib64/cmake/OpenSSL" "LDLIBS=-ldl -pthread " "VERSION=3.5.8" > installdata.pm
/usr/bin/perl "-I." "-Mconfigdata" "../../deps/openssl/util/dofile.pl" "-oMakefile" ../../deps/openssl/include/crypto/bn_conf.h.in > include/crypto/bn_conf.h
DEBUG: all keys: APPLINKDIR, BINDIR, CMAKECONFIGDIR, COMMENT, ENGINESDIR, INCLUDEDIR, LDLIBS, LIBDIR, MODULESDIR, PKGCONFIGDIR, PREFIX, VERSION, libdir
Use of uninitialized value in concatenation (.) or string at ../../deps/openssl/util/mkinstallvars.pl line 55.
DEBUG: LIBDIR = , libdir =  => Use of uninitialized value in concatenation (.) or string at ../../deps/openssl/util/mkinstallvars.pl line 57.
LIBDIR = 
No value given for CMAKECONFIGDIR
No value given for PKGCONFIGDIR
No value given for libdir
DEBUG: PREFIX = . => PREFIX = /home/user/mruby-ktls/build/openssl
Use of uninitialized value in concatenation (.) or string at ../../deps/openssl/util/mkinstallvars.pl line 72.
DEBUG: libdir =  => Use of uninitialized value in concatenation (.) or string at ../../deps/openssl/util/mkinstallvars.pl line 75.
libdir = 
DEBUG: BINDIR = apps => BINDIR = /home/user/mruby-ktls/build/openssl/apps, BINDIR_REL_PREFIX = apps
DEBUG: LIBDIR = Use of uninitialized value in print at ../../deps/openssl/util/mkinstallvars.pl line 91.
 => Use of uninitialized value in concatenation (.) or string at ../../deps/openssl/util/mkinstallvars.pl line 108.
LIBDIR = /home/user/mruby-ktls/build/openssl, LIBDIR_REL_PREFIX = 
DEBUG: INCLUDEDIR = [ include, ../../deps/openssl/include ] => INCLUDEDIR = [ /home/user/mruby-ktls/build/openssl/include, /home/user/mruby-ktls/build/openssl/../../deps/openssl/include ], INCLUDEDIR_REL_PREFIX = [ include, ../../deps/openssl/include ]
DEBUG: APPLINKDIR = ms => APPLINKDIR = /home/user/mruby-ktls/build/openssl/ms, APPLINKDIR_REL_PREFIX = ms
DEBUG: ENGINESDIR = engines => ENGINESDIR = /home/user/mruby-ktls/build/openssl/engines, ENGINESDIR_REL_LIBDIR = engines
DEBUG: MODULESDIR = providers => MODULESDIR = /home/user/mruby-ktls/build/openssl/providers, MODULESDIR_REL_LIBDIR = providers
DEBUG: PKGCONFIGDIR = . => DEBUG: all keys: PKGCONFIGDIR = /home/user/mruby-ktls/build/openssl, PKGCONFIGDIR_REL_LIBDIR = .APPLINKDIR, BINDIR, CMAKECONFIGDIR, COMMENT, ENGINESDIR, INCLUDEDIR, LDLIBS, LIBDIR, MODULESDIR, PKGCONFIGDIR, PREFIX, VERSION, libdir

DEBUG: CMAKECONFIGDIR = . => CMAKECONFIGDIR = /home/user/mruby-ktls/build/openssl, CMAKECONFIGDIR_REL_LIBDIR = .
DEBUG: LIBDIR = lib64, libdir = /usr/local/lib64 => LIBDIR = lib64
No value given for COMMENT
Use of uninitialized value in join or string at ../../deps/openssl/util/mkinstallvars.pl line 157.
DEBUG: PREFIX = /usr/local => PREFIX = /usr/local
DEBUG: libdir = /usr/local/lib64 => libdir = /usr/local/lib64
DEBUG: BINDIR = bin => BINDIR = /usr/local/bin, BINDIR_REL_PREFIX = bin
DEBUG: LIBDIR = lib64 => LIBDIR = /usr/local/lib64, LIBDIR_REL_PREFIX = lib64
DEBUG: INCLUDEDIR = include => INCLUDEDIR = /usr/local/include, INCLUDEDIR_REL_PREFIX = include
DEBUG: APPLINKDIR = include/openssl => APPLINKDIR = /usr/local/include/openssl, APPLINKDIR_REL_PREFIX = include/openssl
DEBUG: ENGINESDIR = /usr/local/lib64/engines-3 => ENGINESDIR = /usr/local/lib64/engines-3, ENGINESDIR_REL_LIBDIR = engines-3
DEBUG: MODULESDIR = /usr/local/lib64/ossl-modules => MODULESDIR = /usr/local/lib64/ossl-modules, MODULESDIR_REL_LIBDIR = ossl-modules
DEBUG: PKGCONFIGDIR = /usr/local/lib64/pkgconfig => PKGCONFIGDIR = /usr/local/lib64/pkgconfig, PKGCONFIGDIR_REL_LIBDIR = pkgconfig
DEBUG: CMAKECONFIGDIR = /usr/local/lib64/cmake/OpenSSL => CMAKECONFIGDIR = /usr/local/lib64/cmake/OpenSSL, CMAKECONFIGDIR_REL_LIBDIR = cmake/OpenSSL
Use of uninitialized value in concatenation (.) or string at ../../deps/openssl/util/mkinstallvars.pl line 137.
/usr/bin/perl "-I." "-Mconfigdata" "../../deps/openssl/util/dofile.pl" "-oMakefile" ../../deps/openssl/include/crypto/dso_conf.h.in > include/crypto/dso_conf.h
/usr/bin/perl "-I." "-I../../deps/openssl/util/perl" "-Mconfigdata" "-MOpenSSL::paramnames" "../../deps/openssl/util/dofile.pl" "-oMakefile" ../../deps/openssl/include/internal/param_names.h.in > include/internal/param_names.h
/usr/bin/perl "-I." "-Mconfigdata" "../../deps/openssl/util/dofile.pl" "-oMakefile" ../../deps/openssl/include/openssl/asn1.h.in > include/openssl/asn1.h
/usr/bin/perl "-I." "-Mconfigdata" "../../deps/openssl/util/dofile.pl" "-oMakefile" ../../deps/openssl/include/openssl/asn1t.h.in > include/openssl/asn1t.h
/usr/bin/perl "-I." "-Mconfigdata" "../../deps/openssl/util/dofile.pl" "-oMakefile" ../../deps/openssl/include/openssl/bio.h.in > include/openssl/bio.h
/usr/bin/perl "-I." "-Mconfigdata" "../../deps/openssl/util/dofile.pl" "-oMakefile" ../../deps/openssl/include/openssl/cmp.h.in > include/openssl/cmp.h
/usr/bin/perl "-I." "-Mconfigdata" "../../deps/openssl/util/dofile.pl" "-oMakefile" ../../deps/openssl/include/openssl/cms.h.in > include/openssl/cms.h
/usr/bin/perl "-I." "-Mconfigdata" "../../deps/openssl/util/dofile.pl" "-oMakefile" ../../deps/openssl/include/openssl/comp.h.in > include/openssl/comp.h
/usr/bin/perl "-I." "-Mconfigdata" "../../deps/openssl/util/dofile.pl" "-oMakefile" ../../deps/openssl/include/openssl/conf.h.in > include/openssl/conf.h
/usr/bin/perl "-I." "-I../../deps/openssl/util/perl" "-Mconfigdata" "-MOpenSSL::paramnames" "../../deps/openssl/util/dofile.pl" "-oMakefile" ../../deps/openssl/include/openssl/core_names.h.in > include/openssl/core_names.h
/usr/bin/perl "-I." "-Mconfigdata" "../../deps/openssl/util/dofile.pl" "-oMakefile" ../../deps/openssl/include/openssl/crmf.h.in > include/openssl/crmf.h
/usr/bin/perl "-I." "-Mconfigdata" "../../deps/openssl/util/dofile.pl" "-oMakefile" ../../deps/openssl/include/openssl/crypto.h.in > include/openssl/crypto.h
/usr/bin/perl "-I." "-Mconfigdata" "../../deps/openssl/util/dofile.pl" "-oMakefile" ../../deps/openssl/include/openssl/ct.h.in > include/openssl/ct.h
/usr/bin/perl "-I." "-Mconfigdata" "../../deps/openssl/util/dofile.pl" "-oMakefile" ../../deps/openssl/include/openssl/err.h.in > include/openssl/err.h
/usr/bin/perl "-I." "-Mconfigdata" "../../deps/openssl/util/dofile.pl" "-oMakefile" ../../deps/openssl/include/openssl/ess.h.in > include/openssl/ess.h
/usr/bin/perl "-I." "-Mconfigdata" "../../deps/openssl/util/dofile.pl" "-oMakefile" ../../deps/openssl/include/openssl/fipskey.h.in > include/openssl/fipskey.h
/usr/bin/perl "-I." "-Mconfigdata" "../../deps/openssl/util/dofile.pl" "-oMakefile" ../../deps/openssl/include/openssl/lhash.h.in > include/openssl/lhash.h
/usr/bin/perl "-I." "-Mconfigdata" "../../deps/openssl/util/dofile.pl" "-oMakefile" ../../deps/openssl/include/openssl/ocsp.h.in > include/openssl/ocsp.h
/usr/bin/perl "-I." "-Mconfigdata" "../../deps/openssl/util/dofile.pl" "-oMakefile" ../../deps/openssl/include/openssl/opensslv.h.in > include/openssl/opensslv.h
/usr/bin/perl "-I." "-Mconfigdata" "../../deps/openssl/util/dofile.pl" "-oMakefile" ../../deps/openssl/include/openssl/pkcs12.h.in > include/openssl/pkcs12.h
/usr/bin/perl "-I." "-Mconfigdata" "../../deps/openssl/util/dofile.pl" "-oMakefile" ../../deps/openssl/include/openssl/pkcs7.h.in > include/openssl/pkcs7.h
/usr/bin/perl "-I." "-Mconfigdata" "../../deps/openssl/util/dofile.pl" "-oMakefile" ../../deps/openssl/include/openssl/safestack.h.in > include/openssl/safestack.h
/usr/bin/perl "-I." "-Mconfigdata" "../../deps/openssl/util/dofile.pl" "-oMakefile" ../../deps/openssl/include/openssl/srp.h.in > include/openssl/srp.h
/usr/bin/perl "-I." "-Mconfigdata" "../../deps/openssl/util/dofile.pl" "-oMakefile" ../../deps/openssl/include/openssl/ssl.h.in > include/openssl/ssl.h
/usr/bin/perl "-I." "-Mconfigdata" "../../deps/openssl/util/dofile.pl" "-oMakefile" ../../deps/openssl/include/openssl/ui.h.in > include/openssl/ui.h
/usr/bin/perl "-I." "-Mconfigdata" "../../deps/openssl/util/dofile.pl" "-oMakefile" ../../deps/openssl/include/openssl/x509.h.in > include/openssl/x509.h
/usr/bin/perl "-I." "-Mconfigdata" "../../deps/openssl/util/dofile.pl" "-oMakefile" ../../deps/openssl/include/openssl/x509_acert.h.in > include/openssl/x509_acert.h
/usr/bin/perl "-I." "-Mconfigdata" "../../deps/openssl/util/dofile.pl" "-oMakefile" ../../deps/openssl/include/openssl/x509_vfy.h.in > include/openssl/x509_vfy.h
/usr/bin/perl "-I." "-Mconfigdata" "../../deps/openssl/util/dofile.pl" "-oMakefile" ../../deps/openssl/include/openssl/x509v3.h.in > include/openssl/x509v3.h
/usr/bin/perl "-I." "-Mconfigdata" "-Mbuilddata" "../../deps/openssl/util/dofile.pl" "-oMakefile" ../../deps/openssl/exporters/pkg-config/libcrypto.pc.in > libcrypto.pc
/usr/bin/perl "-I." "-Mconfigdata" "-Mbuilddata" "../../deps/openssl/util/dofile.pl" "-oMakefile" ../../deps/openssl/exporters/pkg-config/libssl.pc.in > libssl.pc
/usr/bin/perl "-I." "-Mconfigdata" "-Mbuilddata" "../../deps/openssl/util/dofile.pl" "-oMakefile" ../../deps/openssl/exporters/cmake/OpenSSLConfig.cmake.in > OpenSSLConfig.cmake
/usr/bin/perl "-I." "-Mconfigdata" "-Minstalldata" "../../deps/openssl/util/dofile.pl" "-oMakefile" ../../deps/openssl/exporters/cmake/OpenSSLConfig.cmake.in > exporters/OpenSSLConfig.cmake
/usr/bin/perl "-I." "-Mconfigdata" "-Minstalldata" "../../deps/openssl/util/dofile.pl" "-oMakefile" ../../deps/openssl/exporters/pkg-config/libcrypto.pc.in > exporters/libcrypto.pc
/usr/bin/perl "-I." "-Mconfigdata" "-Minstalldata" "../../deps/openssl/util/dofile.pl" "-oMakefile" ../../deps/openssl/exporters/pkg-config/libssl.pc.in > exporters/libssl.pc
/usr/bin/perl "-I." "-Mconfigdata" "-Mbuilddata" "-Mbuilddata" "-Mbuilddata" "../../deps/openssl/util/dofile.pl" "-oMakefile" ../../deps/openssl/exporters/pkg-config/openssl.pc.in > openssl.pc
/usr/bin/perl "-I." "-Mconfigdata" "-Mconfigdata" "-Mbuilddata" "../../deps/openssl/util/dofile.pl" "-oMakefile" ../../deps/openssl/exporters/cmake/OpenSSLConfigVersion.cmake.in > OpenSSLConfigVersion.cmake
/usr/bin/perl "-I." "-Mconfigdata" "-Mconfigdata" "-Minstalldata" "../../deps/openssl/util/dofile.pl" "-oMakefile" ../../deps/openssl/exporters/cmake/OpenSSLConfigVersion.cmake.in > exporters/OpenSSLConfigVersion.cmake
/usr/bin/perl "-I." "-Mconfigdata" "-Mconfigdata" "-Mconfigdata" "-Minstalldata" "../../deps/openssl/util/dofile.pl" "-oMakefile" ../../deps/openssl/exporters/pkg-config/openssl.pc.in > exporters/openssl.pc
"make" depend && "make" _build_libs
make[1]: Entering directory '/home/user/mruby-ktls/build/openssl'
make[1]: Leaving directory '/home/user/mruby-ktls/build/openssl'
make[1]: Entering directory '/home/user/mruby-ktls/build/openssl'
gcc  -I. -Iinclude -Iapps/include -I../../deps/openssl -I../../deps/openssl/include -I../../deps/openssl/apps/include  -fPIC -pthread -m64 -Wa,--noexecstack -Wall -O3 -DOPENSSL_USE_NODELETE -DL_ENDIAN -DOPENSSL_PIC -DOPENSSLDIR="\"/usr/local/ssl\"" -DENGINESDIR="\"/usr/local/lib64/engines-3\"" -DMODULESDIR="\"/usr/local/lib64/ossl-modules\"" -DOPENSSL_BUILDING_OPENSSL -DNDEBUG  -MMD -MF apps/lib/libapps-lib-app_libctx.d.tmp -c -o apps/lib/libapps-lib-app_libctx.o ../../deps/openssl/apps/lib/app_libctx.c
gcc  -I. -Iinclude -Iapps/include -I../../deps/openssl -I../../deps/openssl/include -I../../deps/openssl/apps/include  -fPIC -pthread -m64 -Wa,--noexecstack -Wall -O3 -DOPENSSL_USE_NODELETE -DL_ENDIAN -DOPENSSL_PIC -DOPENSSLDIR="\"/usr/local/ssl\"" -DENGINESDIR="\"/usr/local/lib64/engines-3\"" -DMODULESDIR="\"/usr/local/lib64/ossl-modules\"" -DOPENSSL_BUILDING_OPENSSL -DNDEBUG  -MMD -MF apps/lib/libapps-lib-app_params.d.tmp -c -o apps/lib/libapps-lib-app_params.o ../../deps/openssl/apps/lib/app_params.c
gcc  -I. -Iinclude -Iapps/include -I../../deps/openssl -I../../deps/openssl/include -I../../deps/openssl/apps/include  -fPIC -pthread -m64 -Wa,--noexecstack -Wall -O3 -DOPENSSL_USE_NODELETE -DL_ENDIAN -DOPENSSL_PIC -DOPENSSLDIR="\"/usr/local/ssl\"" -DENGINESDIR="\"/usr/local/lib64/engines-3\"" -DMODULESDIR="\"/usr/local/lib64/ossl-modules\"" -DOPENSSL_BUILDING_OPENSSL -DNDEBUG  -MMD -MF apps/lib/libapps-lib-app_provider.d.tmp -c -o apps/lib/libapps-lib-app_provider.o ../../deps/openssl/apps/lib/app_provider.c
gcc  -I. -Iinclude -Iapps/include -I../../deps/openssl -I../../deps/openssl/include -I../../deps/openssl/apps/include  -fPIC -pthread -m64 -Wa,--noexecstack -Wall -O3 -DOPENSSL_USE_NODELETE -DL_ENDIAN -DOPENSSL_PIC -DOPENSSLDIR="\"/usr/local/ssl\"" -DENGINESDIR="\"/usr/local/lib64/engines-3\"" -DMODULESDIR="\"/usr/local/lib64/ossl-modules\"" -DOPENSSL_BUILDING_OPENSSL -DNDEBUG  -MMD -MF apps/lib/libapps-lib-app_rand.d.tmp -c -o apps/lib/libapps-lib-app_rand.o ../../deps/openssl/apps/lib/app_rand.c
gcc  -I. -Iinclude -Iapps/include -I../../deps/openssl -I../../deps/openssl/include -I../../deps/openssl/apps/include  -fPIC -pthread -m64 -Wa,--noexecstack -Wall -O3 -DOPENSSL_USE_NODELETE -DL_ENDIAN -DOPENSSL_PIC -DOPENSSLDIR="\"/usr/local/ssl\"" -DENGINESDIR="\"/usr/local/lib64/engines-3\"" -DMODULESDIR="\"/usr/local/lib64/ossl-modules\"" -DOPENSSL_BUILDING_OPENSSL -DNDEBUG  -MMD -MF apps/lib/libapps-lib-app_x509.d.tmp -c -o apps/lib/libapps-lib-app_x509.o ../../deps/openssl/apps/lib/app_x509.c
gcc  -I. -Iinclude -Iapps/include -I../../deps/openssl -I../../deps/openssl/include -I../../deps/openssl/apps/include  -fPIC -pthread -m64 -Wa,--noexecstack -Wall -O3 -DOPENSSL_USE_NODELETE -DL_ENDIAN -DOPENSSL_PIC -DOPENSSLDIR="\"/usr/local/ssl\"" -DENGINESDIR="\"/usr/local/lib64/engines-3\"" -DMODULESDIR="\"/usr/local/lib64/ossl-modules\"" -DOPENSSL_BUILDING_OPENSSL -DNDEBUG  -MMD -MF apps/lib/libapps-lib-apps.d.tmp -c -o apps/lib/libapps-lib-apps.o ../../deps/openssl/apps/lib/apps.c
gcc  -I. -Iinclude -Iapps/include -I../../deps/openssl -I../../deps/openssl/include -I../../deps/openssl/apps/include  -fPIC -pthread -m64 -Wa,--noexecstack -Wall -O3 -DOPENSSL_USE_NODELETE -DL_ENDIAN -DOPENSSL_PIC -DOPENSSLDIR="\"/usr/local/ssl\"" -DENGINESDIR="\"/usr/local/lib64/engines-3\"" -DMODULESDIR="\"/usr/local/lib64/ossl-modules\"" -DOPENSSL_BUILDING_OPENSSL -DNDEBUG  -MMD -MF apps/lib/libapps-lib-apps_opt_printf.d.tmp -c -o apps/lib/libapps-lib-apps_opt_printf.o ../../deps/openssl/apps/lib/apps_opt_printf.c
gcc  -I. -Iinclude -Iapps/include -I../../deps/openssl -I../../deps/openssl/include -I../../deps/openssl/apps/include  -fPIC -pthread -m64 -Wa,--noexecstack -Wall -O3 -DOPENSSL_USE_NODELETE -DL_ENDIAN -DOPENSSL_PIC -DOPENSSLDIR="\"/usr/local/ssl\"" -DENGINESDIR="\"/usr/local/lib64/engines-3\"" -DMODULESDIR="\"/usr/local/lib64/ossl-modules\"" -DOPENSSL_BUILDING_OPENSSL -DNDEBUG  -MMD -MF apps/lib/libapps-lib-apps_ui.d.tmp -c -o apps/lib/libapps-lib-apps_ui.o ../../deps/openssl/apps/lib/apps_ui.c
gcc  -I. -Iinclude -Iapps/include -I../../deps/openssl -I../../deps/openssl/include -I../../deps/openssl/apps/include  -fPIC -pthread -m64 -Wa,--noexecstack -Wall -O3 -DOPENSSL_USE_NODELETE -DL_ENDIAN -DOPENSSL_PIC -DOPENSSLDIR="\"/usr/local/ssl\"" -DENGINESDIR="\"/usr/local/lib64/engines-3\"" -DMODULESDIR="\"/usr/local/lib64/ossl-modules\"" -DOPENSSL_BUILDING_OPENSSL -DNDEBUG  -MMD -MF apps/lib/libapps-lib-columns.d.tmp -c -o apps/lib/libapps-lib-columns.o ../../deps/openssl/apps/lib/columns.c
gcc  -I. -Iinclude -Iapps/include -I../../deps/openssl -I../../deps/openssl/include -I../../deps/openssl/apps/include  -fPIC -pthread -m64 -Wa,--noexecstack -Wall -O3 -DOPENSSL_USE_NODELETE -DL_ENDIAN -DOPENSSL_PIC -DOPENSSLDIR="\"/usr/local/ssl\"" -DENGINESDIR="\"/usr/local/lib64/engines-3\"" -DMODULESDIR="\"/usr/local/lib64/ossl-modules\"" -DOPENSSL_BUILDING_OPENSSL -DNDEBUG  -MMD -MF apps/lib/libapps-lib-engine.d.tmp -c -o apps/lib/libapps-lib-engine.o ../../deps/openssl/apps/lib/engine.c
gcc  -I. -Iinclude -Iapps/include -I../../deps/openssl -I../../deps/openssl/include -I../../deps/openssl/apps/include  -fPIC -pthread -m64 -Wa,--noexecstack -Wall -O3 -DOPENSSL_USE_NODELETE -DL_ENDIAN -DOPENSSL_PIC -DOPENSSLDIR="\"/usr/local/ssl\"" -DENGINESDIR="\"/usr/local/lib64/engines-3\"" -DMODULESDIR="\"/usr/local/lib64/ossl-modules\"" -DOPENSSL_BUILDING_OPENSSL -DNDEBUG  -MMD -MF apps/lib/libapps-lib-engine_loader.d.tmp -c -o apps/lib/libapps-lib-engine_loader.o ../../deps/openssl/apps/lib/engine_loader.c
gcc  -I. -Iinclude -Iapps/include -I../../deps/openssl -I../../deps/openssl/include -I../../deps/openssl/apps/include  -fPIC -pthread -m64 -Wa,--noexecstack -Wall -O3 -DOPENSSL_USE_NODELETE -DL_ENDIAN -DOPENSSL_PIC -DOPENSSLDIR="\"/usr/local/ssl\"" -DENGINESDIR="\"/usr/local/lib64/engines-3\"" -DMODULESDIR="\"/usr/local/lib64/ossl-modules\"" -DOPENSSL_BUILDING_OPENSSL -DNDEBUG  -MMD -MF apps/lib/libapps-lib-fmt.d.tmp -c -o apps/lib/libapps-lib-fmt.o ../../deps/openssl/apps/lib/fmt.c
gcc  -I. -Iinclude -Iapps/include -I../../deps/openssl -I../../deps/openssl/include -I../../deps/openssl/apps/include  -fPIC -pthread -m64 -Wa,--noexecstack -Wall -O3 -DOPENSSL_USE_NODELETE -DL_ENDIAN -DOPENSSL_PIC -DOPENSSLDIR="\"/usr/local/ssl\"" -DENGINESDIR="\"/usr/local/lib64/engines-3\"" -DMODULESDIR="\"/usr/local/lib64/ossl-modules\"" -DOPENSSL_BUILDING_OPENSSL -DNDEBUG  -MMD -MF apps/lib/libapps-lib-http_server.d.tmp -c -o apps/lib/libapps-lib-http_server.o ../../deps/openssl/apps/lib/http_server.c
gcc  -I. -Iinclude -Iapps/include -I../../deps/openssl -I../../deps/openssl/include -I../../deps/openssl/apps/include  -fPIC -pthread -m64 -Wa,--noexecstack -Wall -O3 -DOPENSSL_USE_NODELETE -DL_ENDIAN -DOPENSSL_PIC -DOPENSSLDIR="\"/usr/local/ssl\"" -DENGINESDIR="\"/usr/local/lib64/engines-3\"" -DMODULESDIR="\"/usr/local/lib64/ossl-modules\"" -DOPENSSL_BUILDING_OPENSSL -DNDEBUG  -MMD -MF apps/lib/libapps-lib-log.d.tmp -c -o apps/lib/libapps-lib-log.o ../../deps/openssl/apps/lib/log.c
gcc  -I. -Iinclude -Iapps/include -I../../deps/openssl -I../../deps/openssl/include -I../../deps/openssl/apps/include  -fPIC -pthread -m64 -Wa,--noexecstack -Wall -O3 -DOPENSSL_USE_NODELETE -DL_ENDIAN -DOPENSSL_PIC -DOPENSSLDIR="\"/usr/local/ssl\"" -DENGINESDIR="\"/usr/local/lib64/engines-3\"" -DMODULESDIR="\"/usr/local/lib64/ossl-modules\"" -DOPENSSL_BUILDING_OPENSSL -DNDEBUG  -MMD -MF apps/lib/libapps-lib-names.d.tmp -c -o apps/lib/libapps-lib-names.o ../../deps/openssl/apps/lib/names.c
gcc  -I. -Iinclude -Iapps/include -I../../deps/openssl -I../../deps/openssl/include -I../../deps/openssl/apps/include  -fPIC -pthread -m64 -Wa,--noexecstack -Wall -O3 -DOPENSSL_USE_NODELETE -DL_ENDIAN -DOPENSSL_PIC -DOPENSSLDIR="\"/usr/local/ssl\"" -DENGINESDIR="\"/usr/local/lib64/engines-3\"" -DMODULESDIR="\"/usr/local/lib64/ossl-modules\"" -DOPENSSL_BUILDING_OPENSSL -DNDEBUG  -MMD -MF apps/lib/libapps-lib-opt.d.tmp -c -o apps/lib/libapps-lib-opt.o ../../deps/openssl/apps/lib/opt.c
gcc  -I. -Iinclude -Iapps/include -I../../deps/openssl -I../../deps/openssl/include -I../../deps/openssl/apps/include  -fPIC -pthread -m64 -Wa,--noexecstack -Wall -O3 -DOPENSSL_USE_NODELETE -DL_ENDIAN -DOPENSSL_PIC -DOPENSSLDIR="\"/usr/local/ssl\"" -DENGINESDIR="\"/usr/local/lib64/engines-3\"" -DMODULESDIR="\"/usr/local/lib64/ossl-modules\"" -DOPENSSL_BUILDING_OPENSSL -DNDEBUG  -MMD -MF apps/lib/libapps-lib-s_cb.d.tmp -c -o apps/lib/libapps-lib-s_cb.o ../../deps/openssl/apps/lib/s_cb.c
gcc  -I. -Iinclude -Iapps/include -I../../deps/openssl -I../../deps/openssl/include -I../../deps/openssl/apps/include  -fPIC -pthread -m64 -Wa,--noexecstack -Wall -O3 -DOPENSSL_USE_NODELETE -DL_ENDIAN -DOPENSSL_PIC -DOPENSSLDIR="\"/usr/local/ssl\"" -DENGINESDIR="\"/usr/local/lib64/engines-3\"" -DMODULESDIR="\"/usr/local/lib64/ossl-modules\"" -DOPENSSL_BUILDING_OPENSSL -DNDEBUG  -MMD -MF apps/lib/libapps-lib-s_socket.d.tmp -c -o apps/lib/libapps-lib-s_socket.o ../../deps/openssl/apps/lib/s_socket.c
CC="gcc" /usr/bin/perl ../../deps/openssl/crypto/aes/asm/aes-x86_64.pl "elf" -I. -Iinclude -Iproviders/common/include -Iproviders/implementations/include -I../../deps/openssl -I../../deps/openssl/include -I../../deps/openssl/providers/common/include -I../../deps/openssl/providers/implementations/include -fPIC -pthread -m64 -Wa,--noexecstack -Wall -O3 -DOPENSSL_USE_NODELETE -DL_ENDIAN -DOPENSSL_PIC -DOPENSSLDIR="\"/usr/local/ssl\"" -DENGINESDIR="\"/usr/local/lib64/engines-3\"" -DMODULESDIR="\"/usr/local/lib64/ossl-modules\"" -DOPENSSL_BUILDING_OPENSSL -DNDEBUG  -DAES_ASM -DBSAES_ASM -DCMLL_ASM -DECP_NISTZ256_ASM -DGHASH_ASM -DKECCAK1600_ASM -DMD5_ASM -DOPENSSL_BN_ASM_GF2m -DOPENSSL_BN_ASM_MONT -DOPENSSL_BN_ASM_MONT5 -DOPENSSL_CPUID_OBJ -DOPENSSL_IA32_SSE2 -DPOLY1305_ASM -DRC4_ASM -DSHA1_ASM -DSHA256_ASM -DSHA512_ASM -DVPAES_ASM -DWHIRLPOOL_ASM -DX25519_ASM  crypto/aes/aes-x86_64.s
gcc  -I. -Iinclude -Iproviders/common/include -Iproviders/implementations/include -I../../deps/openssl -I../../deps/openssl/include -I../../deps/openssl/providers/common/include -I../../deps/openssl/providers/implementations/include  -DAES_ASM -DBSAES_ASM -DCMLL_ASM -DECP_NISTZ256_ASM -DGHASH_ASM -DKECCAK1600_ASM -DMD5_ASM -DOPENSSL_BN_ASM_GF2m -DOPENSSL_BN_ASM_MONT -DOPENSSL_BN_ASM_MONT5 -DOPENSSL_CPUID_OBJ -DOPENSSL_IA32_SSE2 -DPOLY1305_ASM -DRC4_ASM -DSHA1_ASM -DSHA256_ASM -DSHA512_ASM -DVPAES_ASM -DWHIRLPOOL_ASM -DX25519_ASM -fPIC -pthread -m64 -Wa,--noexecstack -Wall -O3 -DOPENSSL_USE_NODELETE -DL_ENDIAN -DOPENSSL_PIC -DOPENSSLDIR="\"/usr/local/ssl\"" -DENGINESDIR="\"/usr/local/lib64/engines-3\"" -DMODULESDIR="\"/usr/local/lib64/ossl-modules\"" -DOPENSSL_BUILDING_OPENSSL -DNDEBUG  -MMD -MF crypto/aes/libcrypto-lib-aes_cfb.d.tmp -c -o crypto/aes/libcrypto-lib-aes_cfb.o ../../deps/openssl/crypto/aes/aes_cfb.c
gcc  -I. -Iinclude -Iproviders/common/include -Iproviders/implementations/include -I../../deps/openssl -I../../deps/openssl/include -I../../deps/openssl/providers/common/include -I../../deps/openssl/providers/implementations/include  -DAES_ASM -DBSAES_ASM -DCMLL_ASM -DECP_NISTZ256_ASM -DGHASH_ASM -DKECCAK1600_ASM -DMD5_ASM -DOPENSSL_BN_ASM_GF2m -DOPENSSL_BN_ASM_MONT -DOPENSSL_BN_ASM_MONT5 -DOPENSSL_CPUID_OBJ -DOPENSSL_IA32_SSE2 -DPOLY1305_ASM -DRC4_ASM -DSHA1_ASM -DSHA256_ASM -DSHA512_ASM -DVPAES_ASM -DWHIRLPOOL_ASM -DX25519_ASM -fPIC -pthread -m64 -Wa,--noexecstack -Wall -O3 -DOPENSSL_USE_NODELETE -DL_ENDIAN -DOPENSSL_PIC -DOPENSSLDIR="\"/usr/local/ssl\"" -DENGINESDIR="\"/usr/local/lib64/engines-3\"" -DMODULESDIR="\"/usr/local/lib64/ossl-modules\"" -DOPENSSL_BUILDING_OPENSSL -DNDEBUG  -MMD -MF crypto/aes/libcrypto-lib-aes_ecb.d.tmp -c -o crypto/aes/libcrypto-lib-aes_ecb.o ../../deps/openssl/crypto/aes/aes_ecb.c
gcc  -I. -Iinclude -Iproviders/common/include -Iproviders/implementations/include -I../../deps/openssl -I../../deps/openssl/include -I../../deps/openssl/providers/common/include -I../../deps/openssl/providers/implementations/include  -DAES_ASM -DBSAES_ASM -DCMLL_ASM -DECP_NISTZ256_ASM -DGHASH_ASM -DKECCAK1600_ASM -DMD5_ASM -DOPENSSL_BN_ASM_GF2m -DOPENSSL_BN_ASM_MONT -DOPENSSL_BN_ASM_MONT5 -DOPENSSL_CPUID_OBJ -DOPENSSL_IA32_SSE2 -DPOLY1305_ASM -DRC4_ASM -DSHA1_ASM -DSHA256_ASM -DSHA512_ASM -DVPAES_ASM -DWHIRLPOOL_ASM -DX25519_ASM -fPIC -pthread -m64 -Wa,--noexecstack -Wall -O3 -DOPENSSL_USE_NODELETE -DL_ENDIAN -DOPENSSL_PIC -DOPENSSLDIR="\"/usr/local/ssl\"" -DENGINESDIR="\"/usr/local/lib64/engines-3\"" -DMODULESDIR="\"/usr/local/lib64/ossl-modules\"" -DOPENSSL_BUILDING_OPENSSL -DNDEBUG  -MMD -MF crypto/aes/libcrypto-lib-aes_misc.d.tmp -c -o crypto/aes/libcrypto-lib-aes_misc.o ../../deps/openssl/crypto/aes/aes_misc.c
gcc  -I. -Iinclude -Iproviders/common/include -Iproviders/implementations/include -I../../deps/openssl -I../../deps/openssl/include -I../../deps/openssl/providers/common/include -I../../deps/openssl/providers/implementations/include  -DAES_ASM -DBSAES_ASM -DCMLL_ASM -DECP_NISTZ256_ASM -DGHASH_ASM -DKECCAK1600_ASM -DMD5_ASM -DOPENSSL_BN_ASM_GF2m -DOPENSSL_BN_ASM_MONT -DOPENSSL_BN_ASM_MONT5 -DOPENSSL_CPUID_OBJ -DOPENSSL_IA32_SSE2 -DPOLY1305_ASM -DRC4_ASM -DSHA1_ASM -DSHA256_ASM -DSHA512_ASM -DVPAES_ASM -DWHIRLPOOL_ASM -DX25519_ASM -fPIC -pthread -m64 -Wa,--noexecstack -Wall -O3 -DOPENSSL_USE_NODELETE -DL_ENDIAN -DOPENSSL_PIC -DOPENSSLDIR="\"/usr/local/ssl\"" -DENGINESDIR="\"/usr/local/lib64/engines-3\"" -DMODULESDIR="\"/usr/local/lib64/ossl-modules\"" -DOPENSSL_BUILDING_OPENSSL -DNDEBUG  -MMD -MF crypto/aes/libcrypto-lib-aes_ofb.d.tmp -c -o crypto/aes/libcrypto-lib-aes_ofb.o ../../deps/openssl/crypto/aes/aes_ofb.c
gcc  -I. -Iinclude -Iproviders/common/include -Iproviders/implementations/include -I../../deps/openssl -I../../deps/openssl/include -I../../deps/openssl/providers/common/include -I../../deps/openssl/providers/implementations/include  -DAES_ASM -DBSAES_ASM -DCMLL_ASM -DECP_NISTZ256_ASM -DGHASH_ASM -DKECCAK1600_ASM -DMD5_ASM -DOPENSSL_BN_ASM_GF2m -DOPENSSL_BN_ASM_MONT -DOPENSSL_BN_ASM_MONT5 -DOPENSSL_CPUID_OBJ -DOPENSSL_IA32_SSE2 -DPOLY1305_ASM -DRC4_ASM -DSHA1_ASM -DSHA256_ASM -DSHA512_ASM -DVPAES_ASM -DWHIRLPOOL_ASM -DX25519_ASM -fPIC -pthread -m64 -Wa,--noexecstack -Wall -O3 -DOPENSSL_USE_NODELETE -DL_ENDIAN -DOPENSSL_PIC -DOPENSSLDIR="\"/usr/local/ssl\"" -DENGINESDIR="\"/usr/local/lib64/engines-3\"" -DMODULESDIR="\"/usr/local/lib64/ossl-modules\"" -DOPENSSL_BUILDING_OPENSSL -DNDEBUG  -MMD -MF crypto/aes/libcrypto-lib-aes_wrap.d.tmp -c -o crypto/aes/libcrypto-lib-aes_wrap.o ../../deps/openssl/crypto/aes/aes_wrap.c
CC="gcc" /usr/bin/perl ../../deps/openssl/crypto/aes/asm/aesni-mb-x86_64.pl "elf" -I. -Iinclude -Iproviders/common/include -Iproviders/implementations/include -I../../deps/openssl -I../../deps/openssl/include -I../../deps/openssl/providers/common/include -I../../deps/openssl/providers/implementations/include -fPIC -pthread -m64 -Wa,--noexecstack -Wall -O3 -DOPENSSL_USE_NODELETE -DL_ENDIAN -DOPENSSL_PIC -DOPENSSLDIR="\"/usr/local/ssl\"" -DENGINESDIR="\"/usr/local/lib64/engines-3\"" -DMODULESDIR="\"/usr/local/lib64/ossl-modules\"" -DOPENSSL_BUILDING_OPENSSL -DNDEBUG  -DAES_ASM -DBSAES_ASM -DCMLL_ASM -DECP_NISTZ256_ASM -DGHASH_ASM -DKECCAK1600_ASM -DMD5_ASM -DOPENSSL_BN_ASM_GF2m -DOPENSSL_BN_ASM_MONT -DOPENSSL_BN_ASM_MONT5 -DOPENSSL_CPUID_OBJ -DOPENSSL_IA32_SSE2 -DPOLY1305_ASM -DRC4_ASM -DSHA1_ASM -DSHA256_ASM -DSHA512_ASM -DVPAES_ASM -DWHIRLPOOL_ASM -DX25519_ASM  crypto/aes/aesni-mb-x86_64.s
CC="gcc" /usr/bin/perl ../../deps/openssl/crypto/aes/asm/aesni-sha1-x86_64.pl "elf" -I. -Iinclude -Iproviders/common/include -Iproviders/implementations/include -I../../deps/openssl -I../../deps/openssl/include -I../../deps/openssl/providers/common/include -I../../deps/openssl/providers/implementations/include -fPIC -pthread -m64 -Wa,--noexecstack -Wall -O3 -DOPENSSL_USE_NODELETE -DL_ENDIAN -DOPENSSL_PIC -DOPENSSLDIR="\"/usr/local/ssl\"" -DENGINESDIR="\"/usr/local/lib64/engines-3\"" -DMODULESDIR="\"/usr/local/lib64/ossl-modules\"" -DOPENSSL_BUILDING_OPENSSL -DNDEBUG  -DAES_ASM -DBSAES_ASM -DCMLL_ASM -DECP_NISTZ256_ASM -DGHASH_ASM -DKECCAK1600_ASM -DMD5_ASM -DOPENSSL_BN_ASM_GF2m -DOPENSSL_BN_ASM_MONT -DOPENSSL_BN_ASM_MONT5 -DOPENSSL_CPUID_OBJ -DOPENSSL_IA32_SSE2 -DPOLY1305_ASM -DRC4_ASM -DSHA1_ASM -DSHA256_ASM -DSHA512_ASM -DVPAES_ASM -DWHIRLPOOL_ASM -DX25519_ASM  crypto/aes/aesni-sha1-x86_64.s
CC="gcc" /usr/bin/perl ../../deps/openssl/crypto/aes/asm/aesni-sha256-x86_64.pl "elf" -I. -Iinclude -Iproviders/common/include -Iproviders/implementations/include -I../../deps/openssl -I../../deps/openssl/include -I../../deps/openssl/providers/common/include -I../../deps/openssl/providers/implementations/include -fPIC -pthread -m64 -Wa,--noexecstack -Wall -O3 -DOPENSSL_USE_NODELETE -DL_ENDIAN -DOPENSSL_PIC -DOPENSSLDIR="\"/usr/local/ssl\"" -DENGINESDIR="\"/usr/local/lib64/engines-3\"" -DMODULESDIR="\"/usr/local/lib64/ossl-modules\"" -DOPENSSL_BUILDING_OPENSSL -DNDEBUG  -DAES_ASM -DBSAES_ASM -DCMLL_ASM -DECP_NISTZ256_ASM -DGHASH_ASM -DKECCAK1600_ASM -DMD5_ASM -DOPENSSL_BN_ASM_GF2m -DOPENSSL_BN_ASM_MONT -DOPENSSL_BN_ASM_MONT5 -DOPENSSL_CPUID_OBJ -DOPENSSL_IA32_SSE2 -DPOLY1305_ASM -DRC4_ASM -DSHA1_ASM -DSHA256_ASM -DSHA512_ASM -DVPAES_ASM -DWHIRLPOOL_ASM -DX25519_ASM  crypto/aes/aesni-sha256-x86_64.s
CC="gcc" /usr/bin/perl ../../deps/openssl/crypto/aes/asm/aesni-x86_64.pl "elf" -I. -Iinclude -Iproviders/common/include -Iproviders/implementations/include -I../../deps/openssl -I../../deps/openssl/include -I../../deps/openssl/providers/common/include -I../../deps/openssl/providers/implementations/include -fPIC -pthread -m64 -Wa,--noexecstack -Wall -O3 -DOPENSSL_USE_NODELETE -DL_ENDIAN -DOPENSSL_PIC -DOPENSSLDIR="\"/usr/local/ssl\"" -DENGINESDIR="\"/usr/local/lib64/engines-3\"" -DMODULESDIR="\"/usr/local/lib64/ossl-modules\"" -DOPENSSL_BUILDING_OPENSSL -DNDEBUG  -DAES_ASM -DBSAES_ASM -DCMLL_ASM -DECP_NISTZ256_ASM -DGHASH_ASM -DKECCAK1600_ASM -DMD5_ASM -DOPENSSL_BN_ASM_GF2m -DOPENSSL_BN_ASM_MONT -DOPENSSL_BN_ASM_MONT5 -DOPENSSL_CPUID_OBJ -DOPENSSL_IA32_SSE2 -DPOLY1305_ASM -DRC4_ASM -DSHA1_ASM -DSHA256_ASM -DSHA512_ASM -DVPAES_ASM -DWHIRLPOOL_ASM -DX25519_ASM  crypto/aes/aesni-x86_64.s
CC="gcc" /usr/bin/perl ../../deps/openssl/crypto/aes/asm/aesni-xts-avx512.pl "elf" -I. -Iinclude -Iproviders/common/include -Iproviders/implementations/include -I../../deps/openssl -I../../deps/openssl/include -I../../deps/openssl/providers/common/include -I../../deps/openssl/providers/implementations/include -fPIC -pthread -m64 -Wa,--noexecstack -Wall -O3 -DOPENSSL_USE_NODELETE -DL_ENDIAN -DOPENSSL_PIC -DOPENSSLDIR="\"/usr/local/ssl\"" -DENGINESDIR="\"/usr/local/lib64/engines-3\"" -DMODULESDIR="\"/usr/local/lib64/ossl-modules\"" -DOPENSSL_BUILDING_OPENSSL -DNDEBUG  -DAES_ASM -DBSAES_ASM -DCMLL_ASM -DECP_NISTZ256_ASM -DGHASH_ASM -DKECCAK1600_ASM -DMD5_ASM -DOPENSSL_BN_ASM_GF2m -DOPENSSL_BN_ASM_MONT -DOPENSSL_BN_ASM_MONT5 -DOPENSSL_CPUID_OBJ -DOPENSSL_IA32_SSE2 -DPOLY1305_ASM -DRC4_ASM -DSHA1_ASM -DSHA256_ASM -DSHA512_ASM -DVPAES_ASM -DWHIRLPOOL_ASM -DX25519_ASM  crypto/aes/aesni-xts-avx512.s
CC="gcc" /usr/bin/perl ../../deps/openssl/crypto/aes/asm/bsaes-x86_64.pl "elf" -I. -Iinclude -Iproviders/common/include -Iproviders/implementations/include -I../../deps/openssl -I../../deps/openssl/include -I../../deps/openssl/providers/common/include -I../../deps/openssl/providers/implementations/include -fPIC -pthread -m64 -Wa,--noexecstack -Wall -O3 -DOPENSSL_USE_NODELETE -DL_ENDIAN -DOPENSSL_PIC -DOPENSSLDIR="\"/usr/local/ssl\"" -DENGINESDIR="\"/usr/local/lib64/engines-3\"" -DMODULESDIR="\"/usr/local/lib64/ossl-modules\"" -DOPENSSL_BUILDING_OPENSSL -DNDEBUG  -DAES_ASM -DBSAES_ASM -DCMLL_ASM -DECP_NISTZ256_ASM -DGHASH_ASM -DKECCAK1600_ASM -DMD5_ASM -DOPENSSL_BN_ASM_GF2m -DOPENSSL_BN_ASM_MONT -DOPENSSL_BN_ASM_MONT5 -DOPENSSL_CPUID_OBJ -DOPENSSL_IA32_SSE2 -DPOLY1305_ASM -DRC4_ASM -DSHA1_ASM -DSHA256_ASM -DSHA512_ASM -DVPAES_ASM -DWHIRLPOOL_ASM -DX25519_ASM  crypto/aes/bsaes-x86_64.s
CC="gcc" /usr/bin/perl ../../deps/openssl/crypto/aes/asm/vpaes-x86_64.pl "elf" -I. -Iinclude -Iproviders/common/include -Iproviders/implementations/include -I../../deps/openssl -I../../deps/openssl/include -I../../deps/openssl/providers/common/include -I../../deps/openssl/providers/implementations/include -fPIC -pthread -m64 -Wa,--noexecstack -Wall -O3 -DOPENSSL_USE_NODELETE -DL_ENDIAN -DOPENSSL_PIC -DOPENSSLDIR="\"/usr/local/ssl\"" -DENGINESDIR="\"/usr/local/lib64/engines-3\"" -DMODULESDIR="\"/usr/local/lib64/ossl-modules\"" -DOPENSSL_BUILDING_OPENSSL -DNDEBUG  -DAES_ASM -DBSAES_ASM -DCMLL_ASM -DECP_NISTZ256_ASM -DGHASH_ASM -DKECCAK1600_ASM -DMD5_ASM -DOPENSSL_BN_ASM_GF2m -DOPENSSL_BN_ASM_MONT -DOPENSSL_BN_ASM_MONT5 -DOPENSSL_CPUID_OBJ -DOPENSSL_IA32_SSE2 -DPOLY1305_ASM -DRC4_ASM -DSHA1_ASM -DSHA256_ASM -DSHA512_ASM -DVPAES_ASM -DWHIRLPOOL_ASM -DX25519_ASM  crypto/aes/vpaes-x86_64.s
gcc  -I. -Iinclude -Iproviders/common/include -Iproviders/implementations/include -I../../deps/openssl -I../../deps/openssl/include -I../../deps/openssl/providers/common/include -I../../deps/openssl/providers/implementations/include  -DAES_ASM -DBSAES_ASM -DCMLL_ASM -DECP_NISTZ256_ASM -DGHASH_ASM -DKECCAK1600_ASM -DMD5_ASM -DOPENSSL_BN_ASM_GF2m -DOPENSSL_BN_ASM_MONT -DOPENSSL_BN_ASM_MONT5 -DOPENSSL_CPUID_OBJ -DOPENSSL_IA32_SSE2 -DPOLY1305_ASM -DRC4_ASM -DSHA1_ASM -DSHA256_ASM -DSHA512_ASM -DVPAES_ASM -DWHIRLPOOL_ASM -DX25519_ASM -fPIC -pthread -m64 -Wa,--noexecstack -Wall -O3 -DOPENSSL_USE_NODELETE -DL_ENDIAN -DOPENSSL_PIC -DOPENSSLDIR="\"/usr/local/ssl\"" -DENGINESDIR="\"/usr/local/lib64/engines-3\"" -DMODULESDIR="\"/usr/local/lib64/ossl-modules\"" -DOPENSSL_BUILDING_OPENSSL -DNDEBUG  -MMD -MF crypto/aria/libcrypto-lib-aria.d.tmp -c -o crypto/aria/libcrypto-lib-aria.o ../../deps/openssl/crypto/aria/aria.c
gcc  -I. -Iinclude -Iproviders/common/include -Iproviders/implementations/include -I../../deps/openssl -I../../deps/openssl/include -I../../deps/openssl/providers/common/include -I../../deps/openssl/providers/implementations/include  -DAES_ASM -DBSAES_ASM -DCMLL_ASM -DECP_NISTZ256_ASM -DGHASH_ASM -DKECCAK1600_ASM -DMD5_ASM -DOPENSSL_BN_ASM_GF2m -DOPENSSL_BN_ASM_MONT -DOPENSSL_BN_ASM_MONT5 -DOPENSSL_CPUID_OBJ -DOPENSSL_IA32_SSE2 -DPOLY1305_ASM -DRC4_ASM -DSHA1_ASM -DSHA256_ASM -DSHA512_ASM -DVPAES_ASM -DWHIRLPOOL_ASM -DX25519_ASM -fPIC -pthread -m64 -Wa,--noexecstack -Wall -O3 -DOPENSSL_USE_NODELETE -DL_ENDIAN -DOPENSSL_PIC -DOPENSSLDIR="\"/usr/local/ssl\"" -DENGINESDIR="\"/usr/local/lib64/engines-3\"" -DMODULESDIR="\"/usr/local/lib64/ossl-modules\"" -DOPENSSL_BUILDING_OPENSSL -DNDEBUG  -MMD -MF crypto/asn1/libcrypto-lib-a_bitstr.d.tmp -c -o crypto/asn1/libcrypto-lib-a_bitstr.o ../../deps/openssl/crypto/asn1/a_bitstr.c
gcc  -I. -Iinclude -Iproviders/common/include -Iproviders/implementations/include -I../../deps/openssl -I../../deps/openssl/include -I../../deps/openssl/providers/common/include -I../../deps/openssl/providers/implementations/include  -DAES_ASM -DBSAES_ASM -DCMLL_ASM -DECP_NISTZ256_ASM -DGHASH_ASM -DKECCAK1600_ASM -DMD5_ASM -DOPENSSL_BN_ASM_GF2m -DOPENSSL_BN_ASM_MONT -DOPENSSL_BN_ASM_MONT5 -DOPENSSL_CPUID_OBJ -DOPENSSL_IA32_SSE2 -DPOLY1305_ASM -DRC4_ASM -DSHA1_ASM -DSHA256_ASM -DSHA512_ASM -DVPAES_ASM -DWHIRLPOOL_ASM -DX25519_ASM -fPIC -pthread -m64 -Wa,--noexecstack -Wall -O3 -DOPENSSL_USE_NODELETE -DL_ENDIAN -DOPENSSL_PIC -DOPENSSLDIR="\"/usr/local/ssl\"" -DENGINESDIR="\"/usr/local/lib64/engines-3\"" -DMODULESDIR="\"/usr/local/lib64/ossl-modules\"" -DOPENSSL_BUILDING_OPENSSL -DNDEBUG  -MMD -MF crypto/asn1/libcrypto-lib-a_d2i_fp.d.tmp -c -o crypto/asn1/libcrypto-lib-a_d2i_fp.o ../../deps/openssl/crypto/asn1/a_d2i_fp.c
gcc  -I. -Iinclude -Iproviders/common/include -Iproviders/implementations/include -I../../deps/openssl -I../../deps/openssl/include -I../../deps/openssl/providers/common/include -I../../deps/openssl/providers/implementations/include  -DAES_ASM -DBSAES_ASM -DCMLL_ASM -DECP_NISTZ256_ASM -DGHASH_ASM -DKECCAK1600_ASM -DMD5_ASM -DOPENSSL_BN_ASM_GF2m -DOPENSSL_BN_ASM_MONT -DOPENSSL_BN_ASM_MONT5 -DOPENSSL_CPUID_OBJ -DOPENSSL_IA32_SSE2 -DPOLY1305_ASM -DRC4_ASM -DSHA1_ASM -DSHA256_ASM -DSHA512_ASM -DVPAES_ASM -DWHIRLPOOL_ASM -DX25519_ASM -fPIC -pthread -m64 -Wa,--noexecstack -Wall -O3 -DOPENSSL_USE_NODELETE -DL_ENDIAN -DOPENSSL_PIC -DOPENSSLDIR="\"/usr/local/ssl\"" -DENGINESDIR="\"/usr/local/lib64/engines-3\"" -DMODULESDIR="\"/usr/local/lib64/ossl-modules\"" -DOPENSSL_BUILDING_OPENSSL -DNDEBUG  -MMD -MF crypto/asn1/libcrypto-lib-a_digest.d.tmp -c -o crypto/asn1/libcrypto-lib-a_digest.o ../../deps/openssl/crypto/asn1/a_digest.c
gcc  -I. -Iinclude -Iproviders/common/include -Iproviders/implementations/include -I../../deps/openssl -I../../deps/openssl/include -I../../deps/openssl/providers/common/include -I../../deps/openssl/providers/implementations/include  -DAES_ASM -DBSAES_ASM -DCMLL_ASM -DECP_NISTZ256_ASM -DGHASH_ASM -DKECCAK1600_ASM -DMD5_ASM -DOPENSSL_BN_ASM_GF2m -DOPENSSL_BN_ASM_MONT -DOPENSSL_BN_ASM_MONT5 -DOPENSSL_CPUID_OBJ -DOPENSSL_IA32_SSE2 -DPOLY1305_ASM -DRC4_ASM -DSHA1_ASM -DSHA256_ASM -DSHA512_ASM -DVPAES_ASM -DWHIRLPOOL_ASM -DX25519_ASM -fPIC -pthread -m64 -Wa,--noexecstack -Wall -O3 -DOPENSSL_USE_NODELETE -DL_ENDIAN -DOPENSSL_PIC -DOPENSSLDIR="\"/usr/local/ssl\"" -DENGINESDIR="\"/usr/local/lib64/engines-3\"" -DMODULESDIR="\"/usr/local/lib64/ossl-modules\"" -DOPENSSL_BUILDING_OPENSSL -DNDEBUG  -MMD -MF crypto/asn1/libcrypto-lib-a_dup.d.tmp -c -o crypto/asn1/libcrypto-lib-a_dup.o ../../deps/openssl/crypto/asn1/a_dup.c
gcc  -I. -Iinclude -Iproviders/common/include -Iproviders/implementations/include -I../../deps/openssl -I../../deps/openssl/include -I../../deps/openssl/providers/common/include -I../../deps/openssl/providers/implementations/include  -DAES_ASM -DBSAES_ASM -DCMLL_ASM -DECP_NISTZ256_ASM -DGHASH_ASM -DKECCAK1600_ASM -DMD5_ASM -DOPENSSL_BN_ASM_GF2m -DOPENSSL_BN_ASM_MONT -DOPENSSL_BN_ASM_MONT5 -DOPENSSL_CPUID_OBJ -DOPENSSL_IA32_SSE2 -DPOLY1305_ASM -DRC4_ASM -DSHA1_ASM -DSHA256_ASM -DSHA512_ASM -DVPAES_ASM -DWHIRLPOOL_ASM -DX25519_ASM -fPIC -pthread -m64 -Wa,--noexecstack -Wall -O3 -DOPENSSL_USE_NODELETE -DL_ENDIAN -DOPENSSL_PIC -DOPENSSLDIR="\"/usr/local/ssl\"" -DENGINESDIR="\"/usr/local/lib64/engines-3\"" -DMODULESDIR="\"/usr/local/lib64/ossl-modules\"" -DOPENSSL_BUILDING_OPENSSL -DNDEBUG  -MMD -MF crypto/asn1/libcrypto-lib-a_gentm.d.tmp -c -o crypto/asn1/libcrypto-lib-a_gentm.o ../../deps/openssl/crypto/asn1/a_gentm.c
gcc  -I. -Iinclude -Iproviders/common/include -Iproviders/implementations/include -I../../deps/openssl -I../../deps/openssl/include -I../../deps/openssl/providers/common/include -I../../deps/openssl/providers/implementations/include  -DAES_ASM -DBSAES_ASM -DCMLL_ASM -DECP_NISTZ256_ASM -DGHASH_ASM -DKECCAK1600_ASM -DMD5_ASM -DOPENSSL_BN_ASM_GF2m -DOPENSSL_BN_ASM_MONT -DOPENSSL_BN_ASM_MONT5 -DOPENSSL_CPUID_OBJ -DOPENSSL_IA32_SSE2 -DPOLY1305_ASM -DRC4_ASM -DSHA1_ASM -DSHA256_ASM -DSHA512_ASM -DVPAES_ASM -DWHIRLPOOL_ASM -DX25519_ASM -fPIC -pthread -m64 -Wa,--noexecstack -Wall -O3 -DOPENSSL_USE_NODELETE -DL_ENDIAN -DOPENSSL_PIC -DOPENSSLDIR="\"/usr/local/ssl\"" -DENGINESDIR="\"/usr/local/lib64/engines-3\"" -DMODULESDIR="\"/usr/local/lib64/ossl-modules\"" -DOPENSSL_BUILDING_OPENSSL -DNDEBUG  -MMD -MF crypto/asn1/libcrypto-lib-a_i2d_fp.d.tmp -c -o crypto/asn1/libcrypto-lib-a_i2d_fp.o ../../deps/openssl/crypto/asn1/a_i2d_fp.c
gcc  -I. -Iinclude -Iproviders/common/include -Iproviders/implementations/include -I../../deps/openssl -I../../deps/openssl/include -I../../deps/openssl/providers/common/include -I../../deps/openssl/providers/implementations/include  -DAES_ASM -DBSAES_ASM -DCMLL_ASM -DECP_NISTZ256_ASM -DGHASH_ASM -DKECCAK1600_ASM -DMD5_ASM -DOPENSSL_BN_ASM_GF2m -DOPENSSL_BN_ASM_MONT -DOPENSSL_BN_ASM_MONT5 -DOPENSSL_CPUID_OBJ -DOPENSSL_IA32_SSE2 -DPOLY1305_ASM -DRC4_ASM -DSHA1_ASM -DSHA256_ASM -DSHA512_ASM -DVPAES_ASM -DWHIRLPOOL_ASM -DX25519_ASM -fPIC -pthread -m64 -Wa,--noexecstack -Wall -O3 -DOPENSSL_USE_NODELETE -DL_ENDIAN -DOPENSSL_PIC -DOPENSSLDIR="\"/usr/local/ssl\"" -DENGINESDIR="\"/usr/local/lib64/engines-3\"" -DMODULESDIR="\"/usr/local/lib64/ossl-modules\"" -DOPENSSL_BUILDING_OPENSSL -DNDEBUG  -MMD -MF crypto/asn1/libcrypto-lib-a_int.d.tmp -c -o crypto/asn1/libcrypto-lib-a_int.o ../../deps/openssl/crypto/asn1/a_int.c
gcc  -I. -Iinclude -Iproviders/common/include -Iproviders/implementations/include -I../../deps/openssl -I../../deps/openssl/include -I../../deps/openssl/providers/common/include -I../../deps/openssl/providers/implementations/include  -DAES_ASM -DBSAES_ASM -DCMLL_ASM -DECP_NISTZ256_ASM -DGHASH_ASM -DKECCAK1600_ASM -DMD5_ASM -DOPENSSL_BN_ASM_GF2m -DOPENSSL_BN_ASM_MONT -DOPENSSL_BN_ASM_MONT5 -DOPENSSL_CPUID_OBJ -DOPENSSL_IA32_SSE2 -DPOLY1305_ASM -DRC4_ASM -DSHA1_ASM -DSHA256_ASM -DSHA512_ASM -DVPAES_ASM -DWHIRLPOOL_ASM -DX25519_ASM -fPIC -pthread -m64 -Wa,--noexecstack -Wall -O3 -DOPENSSL_USE_NODELETE -DL_ENDIAN -DOPENSSL_PIC -DOPENSSLDIR="\"/usr/local/ssl\"" -DENGINESDIR="\"/usr/local/lib64/engines-3\"" -DMODULESDIR="\"/usr/local/lib64/ossl-modules\"" -DOPENSSL_BUILDING_OPENSSL -DNDEBUG  -MMD -MF crypto/asn1/libcrypto-lib-a_mbstr.d.tmp -c -o crypto/asn1/libcrypto-lib-a_mbstr.o ../../deps/openssl/crypto/asn1/a_mbstr.c
gcc  -I. -Iinclude -Iproviders/common/include -Iproviders/implementations/include -I../../deps/openssl -I../../deps/openssl/include -I../../deps/openssl/providers/common/include -I../../deps/openssl/providers/implementations/include  -DAES_ASM -DBSAES_ASM -DCMLL_ASM -DECP_NISTZ256_ASM -DGHASH_ASM -DKECCAK1600_ASM -DMD5_ASM -DOPENSSL_BN_ASM_GF2m -DOPENSSL_BN_ASM_MONT -DOPENSSL_BN_ASM_MONT5 -DOPENSSL_CPUID_OBJ -DOPENSSL_IA32_SSE2 -DPOLY1305_ASM -DRC4_ASM -DSHA1_ASM -DSHA256_ASM -DSHA512_ASM -DVPAES_ASM -DWHIRLPOOL_ASM -DX25519_ASM -fPIC -pthread -m64 -Wa,--noexecstack -Wall -O3 -DOPENSSL_USE_NODELETE -DL_ENDIAN -DOPENSSL_PIC -DOPENSSLDIR="\"/usr/local/ssl\"" -DENGINESDIR="\"/usr/local/lib64/engines-3\"" -DMODULESDIR="\"/usr/local/lib64/ossl-modules\"" -DOPENSSL_BUILDING_OPENSSL -DNDEBUG  -MMD -MF crypto/asn1/libcrypto-lib-a_object.d.tmp -c -o crypto/asn1/libcrypto-lib-a_object.o ../../deps/openssl/crypto/asn1/a_object.c
gcc  -I. -Iinclude -Iproviders/common/include -Iproviders/implementations/include -I../../deps/openssl -I../../deps/openssl/include -I../../deps/openssl/providers/common/include -I../../deps/openssl/providers/implementations/include  -DAES_ASM -DBSAES_ASM -DCMLL_ASM -DECP_NISTZ256_ASM -DGHASH_ASM -DKECCAK1600_ASM -DMD5_ASM -DOPENSSL_BN_ASM_GF2m -DOPENSSL_BN_ASM_MONT -DOPENSSL_BN_ASM_MONT5 -DOPENSSL_CPUID_OBJ -DOPENSSL_IA32_SSE2 -DPOLY1305_ASM -DRC4_ASM -DSHA1_ASM -DSHA256_ASM -DSHA512_ASM -DVPAES_ASM -DWHIRLPOOL_ASM -DX25519_ASM -fPIC -pthread -m64 -Wa,--noexecstack -Wall -O3 -DOPENSSL_USE_NODELETE -DL_ENDIAN -DOPENSSL_PIC -DOPENSSLDIR="\"/usr/local/ssl\"" -DENGINESDIR="\"/usr/local/lib64/engines-3\"" -DMODULESDIR="\"/usr/local/lib64/ossl-modules\"" -DOPENSSL_BUILDING_OPENSSL -DNDEBUG  -MMD -MF crypto/asn1/libcrypto-lib-a_octet.d.tmp -c -o crypto/asn1/libcrypto-lib-a_octet.o ../../deps/openssl/crypto/asn1/a_octet.c
gcc  -I. -Iinclude -Iproviders/common/include -Iproviders/implementations/include -I../../deps/openssl -I../../deps/openssl/include -I../../deps/openssl/providers/common/include -I../../deps/openssl/providers/implementations/include  -DAES_ASM -DBSAES_ASM -DCMLL_ASM -DECP_NISTZ256_ASM -DGHASH_ASM -DKECCAK1600_ASM -DMD5_ASM -DOPENSSL_BN_ASM_GF2m -DOPENSSL_BN_ASM_MONT -DOPENSSL_BN_ASM_MONT5 -DOPENSSL_CPUID_OBJ -DOPENSSL_IA32_SSE2 -DPOLY1305_ASM -DRC4_ASM -DSHA1_ASM -DSHA256_ASM -DSHA512_ASM -DVPAES_ASM -DWHIRLPOOL_ASM -DX25519_ASM -fPIC -pthread -m64 -Wa,--noexecstack -Wall -O3 -DOPENSSL_USE_NODELETE -DL_ENDIAN -DOPENSSL_PIC -DOPENSSLDIR="\"/usr/local/ssl\"" -DENGINESDIR="\"/usr/local/lib64/engines-3\"" -DMODULESDIR="\"/usr/local/lib64/ossl-modules\"" -DOPENSSL_BUILDING_OPENSSL -DNDEBUG  -MMD -MF crypto/asn1/libcrypto-lib-a_print.d.tmp -c -o crypto/asn1/libcrypto-lib-a_print.o ../../deps/openssl/crypto/asn1/a_print.c
gcc  -I. -Iinclude -Iproviders/common/include -Iproviders/implementations/include -I../../deps/openssl -I../../deps/openssl/include -I../../deps/openssl/providers/common/include -I../../deps/openssl/providers/implementations/include  -DAES_ASM -DBSAES_ASM -DCMLL_ASM -DECP_NISTZ256_ASM -DGHASH_ASM -DKECCAK1600_ASM -DMD5_ASM -DOPENSSL_BN_ASM_GF2m -DOPENSSL_BN_ASM_MONT -DOPENSSL_BN_ASM_MONT5 -DOPENSSL_CPUID_OBJ -DOPENSSL_IA32_SSE2 -DPOLY1305_ASM -DRC4_ASM -DSHA1_ASM -DSHA256_ASM -DSHA512_ASM -DVPAES_ASM -DWHIRLPOOL_ASM -DX25519_ASM -fPIC -pthread -m64 -Wa,--noexecstack -Wall -O3 -DOPENSSL_USE_NODELETE -DL_ENDIAN -DOPENSSL_PIC -DOPENSSLDIR="\"/usr/local/ssl\"" -DENGINESDIR="\"/usr/local/lib64/engines-3\"" -DMODULESDIR="\"/usr/local/lib64/ossl-modules\"" -DOPENSSL_BUILDING_OPENSSL -DNDEBUG  -MMD -MF crypto/asn1/libcrypto-lib-a_sign.d.tmp -c -o crypto/asn1/libcrypto-lib-a_sign.o ../../deps/openssl/crypto/asn1/a_sign.c
gcc  -I. -Iinclude -Iproviders/common/include -Iproviders/implementations/include -I../../deps/openssl -I../../deps/openssl/include -I../../deps/openssl/providers/common/include -I../../deps/openssl/providers/implementations/include  -DAES_ASM -DBSAES_ASM -DCMLL_ASM -DECP_NISTZ256_ASM -DGHASH_ASM -DKECCAK1600_ASM -DMD5_ASM -DOPENSSL_BN_ASM_GF2m -DOPENSSL_BN_ASM_MONT -DOPENSSL_BN_ASM_MONT5 -DOPENSSL_CPUID_OBJ -DOPENSSL_IA32_SSE2 -DPOLY1305_ASM -DRC4_ASM -DSHA1_ASM -DSHA256_ASM -DSHA512_ASM -DVPAES_ASM -DWHIRLPOOL_ASM -DX25519_ASM -fPIC -pthread -m64 -Wa,--noexecstack -Wall -O3 -DOPENSSL_USE_NODELETE -DL_ENDIAN -DOPENSSL_PIC -DOPENSSLDIR="\"/usr/local/ssl\"" -DENGINESDIR="\"/usr/local/lib64/engines-3\"" -DMODULESDIR="\"/usr/local/lib64/ossl-modules\"" -DOPENSSL_BUILDING_OPENSSL -DNDEBUG  -MMD -MF crypto/asn1/libcrypto-lib-a_strex.d.tmp -c -o crypto/asn1/libcrypto-lib-a_strex.o ../../deps/openssl/crypto/asn1/a_strex.c
gcc  -I. -Iinclude -Iproviders/common/include -Iproviders/implementations/include -I../../deps/openssl -I../../deps/openssl/include -I../../deps/openssl/providers/common/include -I../../deps/openssl/providers/implementations/include  -DAES_ASM -DBSAES_ASM -DCMLL_ASM -DECP_NISTZ256_ASM -DGHASH_ASM -DKECCAK1600_ASM -DMD5_ASM -DOPENSSL_BN_ASM_GF2m -DOPENSSL_BN_ASM_MONT -DOPENSSL_BN_ASM_MONT5 -DOPENSSL_CPUID_OBJ -DOPENSSL_IA32_SSE2 -DPOLY1305_ASM -DRC4_ASM -DSHA1_ASM -DSHA256_ASM -DSHA512_ASM -DVPAES_ASM -DWHIRLPOOL_ASM -DX25519_ASM -fPIC -pthread -m64 -Wa,--noexecstack -Wall -O3 -DOPENSSL_USE_NODELETE -DL_ENDIAN -DOPENSSL_PIC -DOPENSSLDIR="\"/usr/local/ssl\"" -DENGINESDIR="\"/usr/local/lib64/engines-3\"" -DMODULESDIR="\"/usr/local/lib64/ossl-modules\"" -DOPENSSL_BUILDING_OPENSSL -DNDEBUG  -MMD -MF crypto/asn1/libcrypto-lib-a_strnid.d.tmp -c -o crypto/asn1/libcrypto-lib-a_strnid.o ../../deps/openssl/crypto/asn1/a_strnid.c
gcc  -I. -Iinclude -Iproviders/common/include -Iproviders/implementations/include -I../../deps/openssl -I../../deps/openssl/include -I../../deps/openssl/providers/common/include -I../../deps/openssl/providers/implementations/include  -DAES_ASM -DBSAES_ASM -DCMLL_ASM -DECP_NISTZ256_ASM -DGHASH_ASM -DKECCAK1600_ASM -DMD5_ASM -DOPENSSL_BN_ASM_GF2m -DOPENSSL_BN_ASM_MONT -DOPENSSL_BN_ASM_MONT5 -DOPENSSL_CPUID_OBJ -DOPENSSL_IA32_SSE2 -DPOLY1305_ASM -DRC4_ASM -DSHA1_ASM -DSHA256_ASM -DSHA512_ASM -DVPAES_ASM -DWHIRLPOOL_ASM -DX25519_ASM -fPIC -pthread -m64 -Wa,--noexecstack -Wall -O3 -DOPENSSL_USE_NODELETE -DL_ENDIAN -DOPENSSL_PIC -DOPENSSLDIR="\"/usr/local/ssl\"" -DENGINESDIR="\"/usr/local/lib64/engines-3\"" -DMODULESDIR="\"/usr/local/lib64/ossl-modules\"" -DOPENSSL_BUILDING_OPENSSL -DNDEBUG  -MMD -MF crypto/asn1/libcrypto-lib-a_time.d.tmp -c -o crypto/asn1/libcrypto-lib-a_time.o ../../deps/openssl/crypto/asn1/a_time.c
gcc  -I. -Iinclude -Iproviders/common/include -Iproviders/implementations/include -I../../deps/openssl -I../../deps/openssl/include -I../../deps/openssl/providers/common/include -I../../deps/openssl/providers/implementations/include  -DAES_ASM -DBSAES_ASM -DCMLL_ASM -DECP_NISTZ256_ASM -DGHASH_ASM -DKECCAK1600_ASM -DMD5_ASM -DOPENSSL_BN_ASM_GF2m -DOPENSSL_BN_ASM_MONT -DOPENSSL_BN_ASM_MONT5 -DOPENSSL_CPUID_OBJ -DOPENSSL_IA32_SSE2 -DPOLY1305_ASM -DRC4_ASM -DSHA1_ASM -DSHA256_ASM -DSHA512_ASM -DVPAES_ASM -DWHIRLPOOL_ASM -DX25519_ASM -fPIC -pthread -m64 -Wa,--noexecstack -Wall -O3 -DOPENSSL_USE_NODELETE -DL_ENDIAN -DOPENSSL_PIC -DOPENSSLDIR="\"/usr/local/ssl\"" -DENGINESDIR="\"/usr/local/lib64/engines-3\"" -DMODULESDIR="\"/usr/local/lib64/ossl-modules\"" -DOPENSSL_BUILDING_OPENSSL -DNDEBUG  -MMD -MF crypto/asn1/libcrypto-lib-a_type.d.tmp -c -o crypto/asn1/libcrypto-lib-a_type.o ../../deps/openssl/crypto/asn1/a_type.c
gcc  -I. -Iinclude -Iproviders/common/include -Iproviders/implementations/include -I../../deps/openssl -I../../deps/openssl/include -I../../deps/openssl/providers/common/include -I../../deps/openssl/providers/implementations/include  -DAES_ASM -DBSAES_ASM -DCMLL_ASM -DECP_NISTZ256_ASM -DGHASH_ASM -DKECCAK1600_ASM -DMD5_ASM -DOPENSSL_BN_ASM_GF2m -DOPENSSL_BN_ASM_MONT -DOPENSSL_BN_ASM_MONT5 -DOPENSSL_CPUID_OBJ -DOPENSSL_IA32_SSE2 -DPOLY1305_ASM -DRC4_ASM -DSHA1_ASM -DSHA256_ASM -DSHA512_ASM -DVPAES_ASM -DWHIRLPOOL_ASM -DX25519_ASM -fPIC -pthread -m64 -Wa,--noexecstack -Wall -O3 -DOPENSSL_USE_NODELETE -DL_ENDIAN -DOPENSSL_PIC -DOPENSSLDIR="\"/usr/local/ssl\"" -DENGINESDIR="\"/usr/local/lib64/engines-3\"" -DMODULESDIR="\"/usr/local/lib64/ossl-modules\"" -DOPENSSL_BUILDING_OPENSSL -DNDEBUG  -MMD -MF crypto/asn1/libcrypto-lib-a_utctm.d.tmp -c -o crypto/asn1/libcrypto-lib-a_utctm.o ../../deps/openssl/crypto/asn1/a_utctm.c
gcc  -I. -Iinclude -Iproviders/common/include -Iproviders/implementations/include -I../../deps/openssl -I../../deps/openssl/include -I../../deps/openssl/providers/common/include -I../../deps/openssl/providers/implementations/include  -DAES_ASM -DBSAES_ASM -DCMLL_ASM -DECP_NISTZ256_ASM -DGHASH_ASM -DKECCAK1600_ASM -DMD5_ASM -DOPENSSL_BN_ASM_GF2m -DOPENSSL_BN_ASM_MONT -DOPENSSL_BN_ASM_MONT5 -DOPENSSL_CPUID_OBJ -DOPENSSL_IA32_SSE2 -DPOLY1305_ASM -DRC4_ASM -DSHA1_ASM -DSHA256_ASM -DSHA512_ASM -DVPAES_ASM -DWHIRLPOOL_ASM -DX25519_ASM -fPIC -pthread -m64 -Wa,--noexecstack -Wall -O3 -DOPENSSL_USE_NODELETE -DL_ENDIAN -DOPENSSL_PIC -DOPENSSLDIR="\"/usr/local/ssl\"" -DENGINESDIR="\"/usr/local/lib64/engines-3\"" -DMODULESDIR="\"/usr/local/lib64/ossl-modules\"" -DOPENSSL_BUILDING_OPENSSL -DNDEBUG  -MMD -MF crypto/asn1/libcrypto-lib-a_utf8.d.tmp -c -o crypto/asn1/libcrypto-lib-a_utf8.o ../../deps/openssl/crypto/asn1/a_utf8.c
gcc  -I. -Iinclude -Iproviders/common/include -Iproviders/implementations/include -I../../deps/openssl -I../../deps/openssl/include -I../../deps/openssl/providers/common/include -I../../deps/openssl/providers/implementations/include  -DAES_ASM -DBSAES_ASM -DCMLL_ASM -DECP_NISTZ256_ASM -DGHASH_ASM -DKECCAK1600_ASM -DMD5_ASM -DOPENSSL_BN_ASM_GF2m -DOPENSSL_BN_ASM_MONT -DOPENSSL_BN_ASM_MONT5 -DOPENSSL_CPUID_OBJ -DOPENSSL_IA32_SSE2 -DPOLY1305_ASM -DRC4_ASM -DSHA1_ASM -DSHA256_ASM -DSHA512_ASM -DVPAES_ASM -DWHIRLPOOL_ASM -DX25519_ASM -fPIC -pthread -m64 -Wa,--noexecstack -Wall -O3 -DOPENSSL_USE_NODELETE -DL_ENDIAN -DOPENSSL_PIC -DOPENSSLDIR="\"/usr/local/ssl\"" -DENGINESDIR="\"/usr/local/lib64/engines-3\"" -DMODULESDIR="\"/usr/local/lib64/ossl-modules\"" -DOPENSSL_BUILDING_OPENSSL -DNDEBUG  -MMD -MF crypto/asn1/libcrypto-lib-a_verify.d.tmp -c -o crypto/asn1/libcrypto-lib-a_verify.o ../../deps/openssl/crypto/asn1/a_verify.c
gcc  -I. -Iinclude -Iproviders/common/include -Iproviders/implementations/include -I../../deps/openssl -I../../deps/openssl/include -I../../deps/openssl/providers/common/include -I../../deps/openssl/providers/implementations/include  -DAES_ASM -DBSAES_ASM -DCMLL_ASM -DECP_NISTZ256_ASM -DGHASH_ASM -DKECCAK1600_ASM -DMD5_ASM -DOPENSSL_BN_ASM_GF2m -DOPENSSL_BN_ASM_MONT -DOPENSSL_BN_ASM_MONT5 -DOPENSSL_CPUID_OBJ -DOPENSSL_IA32_SSE2 -DPOLY1305_ASM -DRC4_ASM -DSHA1_ASM -DSHA256_ASM -DSHA512_ASM -DVPAES_ASM -DWHIRLPOOL_ASM -DX25519_ASM -fPIC -pthread -m64 -Wa,--noexecstack -Wall -O3 -DOPENSSL_USE_NODELETE -DL_ENDIAN -DOPENSSL_PIC -DOPENSSLDIR="\"/usr/local/ssl\"" -DENGINESDIR="\"/usr/local/lib64/engines-3\"" -DMODULESDIR="\"/usr/local/lib64/ossl-modules\"" -DOPENSSL_BUILDING_OPENSSL -DNDEBUG  -MMD -MF crypto/asn1/libcrypto-lib-ameth_lib.d.tmp -c -o crypto/asn1/libcrypto-lib-ameth_lib.o ../../deps/openssl/crypto/asn1/ameth_lib.c
gcc  -I. -Iinclude -Iproviders/common/include -Iproviders/implementations/include -I../../deps/openssl -I../../deps/openssl/include -I../../deps/openssl/providers/common/include -I../../deps/openssl/providers/implementations/include  -DAES_ASM -DBSAES_ASM -DCMLL_ASM -DECP_NISTZ256_ASM -DGHASH_ASM -DKECCAK1600_ASM -DMD5_ASM -DOPENSSL_BN_ASM_GF2m -DOPENSSL_BN_ASM_MONT -DOPENSSL_BN_ASM_MONT5 -DOPENSSL_CPUID_OBJ -DOPENSSL_IA32_SSE2 -DPOLY1305_ASM -DRC4_ASM -DSHA1_ASM -DSHA256_ASM -DSHA512_ASM -DVPAES_ASM -DWHIRLPOOL_ASM -DX25519_ASM -fPIC -pthread -m64 -Wa,--noexecstack -Wall -O3 -DOPENSSL_USE_NODELETE -DL_ENDIAN -DOPENSSL_PIC -DOPENSSLDIR="\"/usr/local/ssl\"" -DENGINESDIR="\"/usr/local/lib64/engines-3\"" -DMODULESDIR="\"/usr/local/lib64/ossl-modules\"" -DOPENSSL_BUILDING_OPENSSL -DNDEBUG  -MMD -MF crypto/asn1/libcrypto-lib-asn1_err.d.tmp -c -o crypto/asn1/libcrypto-lib-asn1_err.o ../../deps/openssl/crypto/asn1/asn1_err.c
gcc  -I. -Iinclude -Iproviders/common/include -Iproviders/implementations/include -I../../deps/openssl -I../../deps/openssl/include -I../../deps/openssl/providers/common/include -I../../deps/openssl/providers/implementations/include  -DAES_ASM -DBSAES_ASM -DCMLL_ASM -DECP_NISTZ256_ASM -DGHASH_ASM -DKECCAK1600_ASM -DMD5_ASM -DOPENSSL_BN_ASM_GF2m -DOPENSSL_BN_ASM_MONT -DOPENSSL_BN_ASM_MONT5 -DOPENSSL_CPUID_OBJ -DOPENSSL_IA32_SSE2 -DPOLY1305_ASM -DRC4_ASM -DSHA1_ASM -DSHA256_ASM -DSHA512_ASM -DVPAES_ASM -DWHIRLPOOL_ASM -DX25519_ASM -fPIC -pthread -m64 -Wa,--noexecstack -Wall -O3 -DOPENSSL_USE_NODELETE -DL_ENDIAN -DOPENSSL_PIC -DOPENSSLDIR="\"/usr/local/ssl\"" -DENGINESDIR="\"/usr/local/lib64/engines-3\"" -DMODULESDIR="\"/usr/local/lib64/ossl-modules\"" -DOPENSSL_BUILDING_OPENSSL -DNDEBUG  -MMD -MF crypto/asn1/libcrypto-lib-asn1_gen.d.tmp -c -o crypto/asn1/libcrypto-lib-asn1_gen.o ../../deps/openssl/crypto/asn1/asn1_gen.c
gcc  -I. -Iinclude -Iproviders/common/include -Iproviders/implementations/include -I../../deps/openssl -I../../deps/openssl/include -I../../deps/openssl/providers/common/include -I../../deps/openssl/providers/implementations/include  -DAES_ASM -DBSAES_ASM -DCMLL_ASM -DECP_NISTZ256_ASM -DGHASH_ASM -DKECCAK1600_ASM -DMD5_ASM -DOPENSSL_BN_ASM_GF2m -DOPENSSL_BN_ASM_MONT -DOPENSSL_BN_ASM_MONT5 -DOPENSSL_CPUID_OBJ -DOPENSSL_IA32_SSE2 -DPOLY1305_ASM -DRC4_ASM -DSHA1_ASM -DSHA256_ASM -DSHA512_ASM -DVPAES_ASM -DWHIRLPOOL_ASM -DX25519_ASM -fPIC -pthread -m64 -Wa,--noexecstack -Wall -O3 -DOPENSSL_USE_NODELETE -DL_ENDIAN -DOPENSSL_PIC -DOPENSSLDIR="\"/usr/local/ssl\"" -DENGINESDIR="\"/usr/local/lib64/engines-3\"" -DMODULESDIR="\"/usr/local/lib64/ossl-modules\"" -DOPENSSL_BUILDING_OPENSSL -DNDEBUG  -MMD -MF crypto/asn1/libcrypto-lib-asn1_item_list.d.tmp -c -o crypto/asn1/libcrypto-lib-asn1_item_list.o ../../deps/openssl/crypto/asn1/asn1_item_list.c
gcc  -I. -Iinclude -Iproviders/common/include -Iproviders/implementations/include -I../../deps/openssl -I../../deps/openssl/include -I../../deps/openssl/providers/common/include -I../../deps/openssl/providers/implementations/include  -DAES_ASM -DBSAES_ASM -DCMLL_ASM -DECP_NISTZ256_ASM -DGHASH_ASM -DKECCAK1600_ASM -DMD5_ASM -DOPENSSL_BN_ASM_GF2m -DOPENSSL_BN_ASM_MONT -DOPENSSL_BN_ASM_MONT5 -DOPENSSL_CPUID_OBJ -DOPENSSL_IA32_SSE2 -DPOLY1305_ASM -DRC4_ASM -DSHA1_ASM -DSHA256_ASM -DSHA512_ASM -DVPAES_ASM -DWHIRLPOOL_ASM -DX25519_ASM -fPIC -pthread -m64 -Wa,--noexecstack -Wall -O3 -DOPENSSL_USE_NODELETE -DL_ENDIAN -DOPENSSL_PIC -DOPENSSLDIR="\"/usr/local/ssl\"" -DENGINESDIR="\"/usr/local/lib64/engines-3\"" -DMODULESDIR="\"/usr/local/lib64/ossl-modules\"" -DOPENSSL_BUILDING_OPENSSL -DNDEBUG  -MMD -MF crypto/asn1/libcrypto-lib-asn1_lib.d.tmp -c -o crypto/asn1/libcrypto-lib-asn1_lib.o ../../deps/openssl/crypto/asn1/asn1_lib.c
gcc  -I. -Iinclude -Iproviders/common/include -Iproviders/implementations/include -I../../deps/openssl -I../../deps/openssl/include -I../../deps/openssl/providers/common/include -I../../deps/openssl/providers/implementations/include  -DAES_ASM -DBSAES_ASM -DCMLL_ASM -DECP_NISTZ256_ASM -DGHASH_ASM -DKECCAK1600_ASM -DMD5_ASM -DOPENSSL_BN_ASM_GF2m -DOPENSSL_BN_ASM_MONT -DOPENSSL_BN_ASM_MONT5 -DOPENSSL_CPUID_OBJ -DOPENSSL_IA32_SSE2 -DPOLY1305_ASM -DRC4_ASM -DSHA1_ASM -DSHA256_ASM -DSHA512_ASM -DVPAES_ASM -DWHIRLPOOL_ASM -DX25519_ASM -fPIC -pthread -m64 -Wa,--noexecstack -Wall -O3 -DOPENSSL_USE_NODELETE -DL_ENDIAN -DOPENSSL_PIC -DOPENSSLDIR="\"/usr/local/ssl\"" -DENGINESDIR="\"/usr/local/lib64/engines-3\"" -DMODULESDIR="\"/usr/local/lib64/ossl-modules\"" -DOPENSSL_BUILDING_OPENSSL -DNDEBUG  -MMD -MF crypto/asn1/libcrypto-lib-asn1_parse.d.tmp -c -o crypto/asn1/libcrypto-lib-asn1_parse.o ../../deps/openssl/crypto/asn1/asn1_parse.c
gcc  -I. -Iinclude -Iproviders/common/include -Iproviders/implementations/include -I../../deps/openssl -I../../deps/openssl/include -I../../deps/openssl/providers/common/include -I../../deps/openssl/providers/implementations/include  -DAES_ASM -DBSAES_ASM -DCMLL_ASM -DECP_NISTZ256_ASM -DGHASH_ASM -DKECCAK1600_ASM -DMD5_ASM -DOPENSSL_BN_ASM_GF2m -DOPENSSL_BN_ASM_MONT -DOPENSSL_BN_ASM_MONT5 -DOPENSSL_CPUID_OBJ -DOPENSSL_IA32_SSE2 -DPOLY1305_ASM -DRC4_ASM -DSHA1_ASM -DSHA256_ASM -DSHA512_ASM -DVPAES_ASM -DWHIRLPOOL_ASM -DX25519_ASM -fPIC -pthread -m64 -Wa,--noexecstack -Wall -O3 -DOPENSSL_USE_NODELETE -DL_ENDIAN -DOPENSSL_PIC -DOPENSSLDIR="\"/usr/local/ssl\"" -DENGINESDIR="\"/usr/local/lib64/engines-3\"" -DMODULESDIR="\"/usr/local/lib64/ossl-modules\"" -DOPENSSL_BUILDING_OPENSSL -DNDEBUG  -MMD -MF crypto/asn1/libcrypto-lib-asn_mime.d.tmp -c -o crypto/asn1/libcrypto-lib-asn_mime.o ../../deps/openssl/crypto/asn1/asn_mime.c
gcc  -I. -Iinclude -Iproviders/common/include -Iproviders/implementations/include -I../../deps/openssl -I../../deps/openssl/include -I../../deps/openssl/providers/common/include -I../../deps/openssl/providers/implementations/include  -DAES_ASM -DBSAES_ASM -DCMLL_ASM -DECP_NISTZ256_ASM -DGHASH_ASM -DKECCAK1600_ASM -DMD5_ASM -DOPENSSL_BN_ASM_GF2m -DOPENSSL_BN_ASM_MONT -DOPENSSL_BN_ASM_MONT5 -DOPENSSL_CPUID_OBJ -DOPENSSL_IA32_SSE2 -DPOLY1305_ASM -DRC4_ASM -DSHA1_ASM -DSHA256_ASM -DSHA512_ASM -DVPAES_ASM -DWHIRLPOOL_ASM -DX25519_ASM -fPIC -pthread -m64 -Wa,--noexecstack -Wall -O3 -DOPENSSL_USE_NODELETE -DL_ENDIAN -DOPENSSL_PIC -DOPENSSLDIR="\"/usr/local/ssl\"" -DENGINESDIR="\"/usr/local/lib64/engines-3\"" -DMODULESDIR="\"/usr/local/lib64/ossl-modules\"" -DOPENSSL_BUILDING_OPENSSL -DNDEBUG  -MMD -MF crypto/asn1/libcrypto-lib-asn_moid.d.tmp -c -o crypto/asn1/libcrypto-lib-asn_moid.o ../../deps/openssl/crypto/asn1/asn_moid.c
gcc  -I. -Iinclude -Iproviders/common/include -Iproviders/implementations/include -I../../deps/openssl -I../../deps/openssl/include -I../../deps/openssl/providers/common/include -I../../deps/openssl/providers/implementations/include  -DAES_ASM -DBSAES_ASM -DCMLL_ASM -DECP_NISTZ256_ASM -DGHASH_ASM -DKECCAK1600_ASM -DMD5_ASM -DOPENSSL_BN_ASM_GF2m -DOPENSSL_BN_ASM_MONT -DOPENSSL_BN_ASM_MONT5 -DOPENSSL_CPUID_OBJ -DOPENSSL_IA32_SSE2 -DPOLY1305_ASM -DRC4_ASM -DSHA1_ASM -DSHA256_ASM -DSHA512_ASM -DVPAES_ASM -DWHIRLPOOL_ASM -DX25519_ASM -fPIC -pthread -m64 -Wa,--noexecstack -Wall -O3 -DOPENSSL_USE_NODELETE -DL_ENDIAN -DOPENSSL_PIC -DOPENSSLDIR="\"/usr/local/ssl\"" -DENGINESDIR="\"/usr/local/lib64/engines-3\"" -DMODULESDIR="\"/usr/local/lib64/ossl-modules\"" -DOPENSSL_BUILDING_OPENSSL -DNDEBUG  -MMD -MF crypto/asn1/libcrypto-lib-asn_mstbl.d.tmp -c -o crypto/asn1/libcrypto-lib-asn_mstbl.o ../../deps/openssl/crypto/asn1/asn_mstbl.c
gcc  -I. -Iinclude -Iproviders/common/include -Iproviders/implementations/include -I../../deps/openssl -I../../deps/openssl/include -I../../deps/openssl/providers/common/include -I../../deps/openssl/providers/implementations/include  -DAES_ASM -DBSAES_ASM -DCMLL_ASM -DECP_NISTZ256_ASM -DGHASH_ASM -DKECCAK1600_ASM -DMD5_ASM -DOPENSSL_BN_ASM_GF2m -DOPENSSL_BN_ASM_MONT -DOPENSSL_BN_ASM_MONT5 -DOPENSSL_CPUID_OBJ -DOPENSSL_IA32_SSE2 -DPOLY1305_ASM -DRC4_ASM -DSHA1_ASM -DSHA256_ASM -DSHA512_ASM -DVPAES_ASM -DWHIRLPOOL_ASM -DX25519_ASM -fPIC -pthread -m64 -Wa,--noexecstack -Wall -O3 -DOPENSSL_USE_NODELETE -DL_ENDIAN -DOPENSSL_PIC -DOPENSSLDIR="\"/usr/local/ssl\"" -DENGINESDIR="\"/usr/local/lib64/engines-3\"" -DMODULESDIR="\"/usr/local/lib64/ossl-modules\"" -DOPENSSL_BUILDING_OPENSSL -DNDEBUG  -MMD -MF crypto/asn1/libcrypto-lib-asn_pack.d.tmp -c -o crypto/asn1/libcrypto-lib-asn_pack.o ../../deps/openssl/crypto/asn1/asn_pack.c
gcc  -I. -Iinclude -Iproviders/common/include -Iproviders/implementations/include -I../../deps/openssl -I../../deps/openssl/include -I../../deps/openssl/providers/common/include -I../../deps/openssl/providers/implementations/include  -DAES_ASM -DBSAES_ASM -DCMLL_ASM -DECP_NISTZ256_ASM -DGHASH_ASM -DKECCAK1600_ASM -DMD5_ASM -DOPENSSL_BN_ASM_GF2m -DOPENSSL_BN_ASM_MONT -DOPENSSL_BN_ASM_MONT5 -DOPENSSL_CPUID_OBJ -DOPENSSL_IA32_SSE2 -DPOLY1305_ASM -DRC4_ASM -DSHA1_ASM -DSHA256_ASM -DSHA512_ASM -DVPAES_ASM -DWHIRLPOOL_ASM -DX25519_ASM -fPIC -pthread -m64 -Wa,--noexecstack -Wall -O3 -DOPENSSL_USE_NODELETE -DL_ENDIAN -DOPENSSL_PIC -DOPENSSLDIR="\"/usr/local/ssl\"" -DENGINESDIR="\"/usr/local/lib64/engines-3\"" -DMODULESDIR="\"/usr/local/lib64/ossl-modules\"" -DOPENSSL_BUILDING_OPENSSL -DNDEBUG  -MMD -MF crypto/asn1/libcrypto-lib-bio_asn1.d.tmp -c -o crypto/asn1/libcrypto-lib-bio_asn1.o ../../deps/openssl/crypto/asn1/bio_asn1.c
gcc  -I. -Iinclude -Iproviders/common/include -Iproviders/implementations/include -I../../deps/openssl -I../../deps/openssl/include -I../../deps/openssl/providers/common/include -I../../deps/openssl/providers/implementations/include  -DAES_ASM -DBSAES_ASM -DCMLL_ASM -DECP_NISTZ256_ASM -DGHASH_ASM -DKECCAK1600_ASM -DMD5_ASM -DOPENSSL_BN_ASM_GF2m -DOPENSSL_BN_ASM_MONT -DOPENSSL_BN_ASM_MONT5 -DOPENSSL_CPUID_OBJ -DOPENSSL_IA32_SSE2 -DPOLY1305_ASM -DRC4_ASM -DSHA1_ASM -DSHA256_ASM -DSHA512_ASM -DVPAES_ASM -DWHIRLPOOL_ASM -DX25519_ASM -fPIC -pthread -m64 -Wa,--noexecstack -Wall -O3 -DOPENSSL_USE_NODELETE -DL_ENDIAN -DOPENSSL_PIC -DOPENSSLDIR="\"/usr/local/ssl\"" -DENGINESDIR="\"/usr/local/lib64/engines-3\"" -DMODULESDIR="\"/usr/local/lib64/ossl-modules\"" -DOPENSSL_BUILDING_OPENSSL -DNDEBUG  -MMD -MF crypto/asn1/libcrypto-lib-bio_ndef.d.tmp -c -o crypto/asn1/libcrypto-lib-bio_ndef.o ../../deps/openssl/crypto/asn1/bio_ndef.c
gcc  -I. -Iinclude -Iproviders/common/include -Iproviders/implementations/include -I../../deps/openssl -I../../deps/openssl/include -I../../deps/openssl/providers/common/include -I../../deps/openssl/providers/implementations/include  -DAES_ASM -DBSAES_ASM -DCMLL_ASM -DECP_NISTZ256_ASM -DGHASH_ASM -DKECCAK1600_ASM -DMD5_ASM -DOPENSSL_BN_ASM_GF2m -DOPENSSL_BN_ASM_MONT -DOPENSSL_BN_ASM_MONT5 -DOPENSSL_CPUID_OBJ -DOPENSSL_IA32_SSE2 -DPOLY1305_ASM -DRC4_ASM -DSHA1_ASM -DSHA256_ASM -DSHA512_ASM -DVPAES_ASM -DWHIRLPOOL_ASM -DX25519_ASM -fPIC -pthread -m64 -Wa,--noexecstack -Wall -O3 -DOPENSSL_USE_NODELETE -DL_ENDIAN -DOPENSSL_PIC -DOPENSSLDIR="\"/usr/local/ssl\"" -DENGINESDIR="\"/usr/local/lib64/engines-3\"" -DMODULESDIR="\"/usr/local/lib64/ossl-modules\"" -DOPENSSL_BUILDING_OPENSSL -DNDEBUG  -MMD -MF crypto/asn1/libcrypto-lib-d2i_param.d.tmp -c -o crypto/asn1/libcrypto-lib-d2i_param.o ../../deps/openssl/crypto/asn1/d2i_param.c
gcc  -I. -Iinclude -Iproviders/common/include -Iproviders/implementations/include -I../../deps/openssl -I../../deps/openssl/include -I../../deps/openssl/providers/common/include -I../../deps/openssl/providers/implementations/include  -DAES_ASM -DBSAES_ASM -DCMLL_ASM -DECP_NISTZ256_ASM -DGHASH_ASM -DKECCAK1600_ASM -DMD5_ASM -DOPENSSL_BN_ASM_GF2m -DOPENSSL_BN_ASM_MONT -DOPENSSL_BN_ASM_MONT5 -DOPENSSL_CPUID_OBJ -DOPENSSL_IA32_SSE2 -DPOLY1305_ASM -DRC4_ASM -DSHA1_ASM -DSHA256_ASM -DSHA512_ASM -DVPAES_ASM -DWHIRLPOOL_ASM -DX25519_ASM -fPIC -pthread -m64 -Wa,--noexecstack -Wall -O3 -DOPENSSL_USE_NODELETE -DL_ENDIAN -DOPENSSL_PIC -DOPENSSLDIR="\"/usr/local/ssl\"" -DENGINESDIR="\"/usr/local/lib64/engines-3\"" -DMODULESDIR="\"/usr/local/lib64/ossl-modules\"" -DOPENSSL_BUILDING_OPENSSL -DNDEBUG  -MMD -MF crypto/asn1/libcrypto-lib-d2i_pr.d.tmp -c -o crypto/asn1/libcrypto-lib-d2i_pr.o ../../deps/openssl/crypto/asn1/d2i_pr.c
gcc  -I. -Iinclude -Iproviders/common/include -Iproviders/implementations/include -I../../deps/openssl -I../../deps/openssl/include -I../../deps/openssl/providers/common/include -I../../deps/openssl/providers/implementations/include  -DAES_ASM -DBSAES_ASM -DCMLL_ASM -DECP_NISTZ256_ASM -DGHASH_ASM -DKECCAK1600_ASM -DMD5_ASM -DOPENSSL_BN_ASM_GF2m -DOPENSSL_BN_ASM_MONT -DOPENSSL_BN_ASM_MONT5 -DOPENSSL_CPUID_OBJ -DOPENSSL_IA32_SSE2 -DPOLY1305_ASM -DRC4_ASM -DSHA1_ASM -DSHA256_ASM -DSHA512_ASM -DVPAES_ASM -DWHIRLPOOL_ASM -DX25519_ASM -fPIC -pthread -m64 -Wa,--noexecstack -Wall -O3 -DOPENSSL_USE_NODELETE -DL_ENDIAN -DOPENSSL_PIC -DOPENSSLDIR="\"/usr/local/ssl\"" -DENGINESDIR="\"/usr/local/lib64/engines-3\"" -DMODULESDIR="\"/usr/local/lib64/ossl-modules\"" -DOPENSSL_BUILDING_OPENSSL -DNDEBUG  -MMD -MF crypto/asn1/libcrypto-lib-d2i_pu.d.tmp -c -o crypto/asn1/libcrypto-lib-d2i_pu.o ../../deps/openssl/crypto/asn1/d2i_pu.c
gcc  -I. -Iinclude -Iproviders/common/include -Iproviders/implementations/include -I../../deps/openssl -I../../deps/openssl/include -I../../deps/openssl/providers/common/include -I../../deps/openssl/providers/implementations/include  -DAES_ASM -DBSAES_ASM -DCMLL_ASM -DECP_NISTZ256_ASM -DGHASH_ASM -DKECCAK1600_ASM -DMD5_ASM -DOPENSSL_BN_ASM_GF2m -DOPENSSL_BN_ASM_MONT -DOPENSSL_BN_ASM_MONT5 -DOPENSSL_CPUID_OBJ -DOPENSSL_IA32_SSE2 -DPOLY1305_ASM -DRC4_ASM -DSHA1_ASM -DSHA256_ASM -DSHA512_ASM -DVPAES_ASM -DWHIRLPOOL_ASM -DX25519_ASM -fPIC -pthread -m64 -Wa,--noexecstack -Wall -O3 -DOPENSSL_USE_NODELETE -DL_ENDIAN -DOPENSSL_PIC -DOPENSSLDIR="\"/usr/local/ssl\"" -DENGINESDIR="\"/usr/local/lib64/engines-3\"" -DMODULESDIR="\"/usr/local/lib64/ossl-modules\"" -DOPENSSL_BUILDING_OPENSSL -DNDEBUG  -MMD -MF crypto/asn1/libcrypto-lib-evp_asn1.d.tmp -c -o crypto/asn1/libcrypto-lib-evp_asn1.o ../../deps/openssl/crypto/asn1/evp_asn1.c
gcc  -I. -Iinclude -Iproviders/common/include -Iproviders/implementations/include -I../../deps/openssl -I../../deps/openssl/include -I../../deps/openssl/providers/common/include -I../../deps/openssl/providers/implementations/include  -DAES_ASM -DBSAES_ASM -DCMLL_ASM -DECP_NISTZ256_ASM -DGHASH_ASM -DKECCAK1600_ASM -DMD5_ASM -DOPENSSL_BN_ASM_GF2m -DOPENSSL_BN_ASM_MONT -DOPENSSL_BN_ASM_MONT5 -DOPENSSL_CPUID_OBJ -DOPENSSL_IA32_SSE2 -DPOLY1305_ASM -DRC4_ASM -DSHA1_ASM -DSHA256_ASM -DSHA512_ASM -DVPAES_ASM -DWHIRLPOOL_ASM -DX25519_ASM -fPIC -pthread -m64 -Wa,--noexecstack -Wall -O3 -DOPENSSL_USE_NODELETE -DL_ENDIAN -DOPENSSL_PIC -DOPENSSLDIR="\"/usr/local/ssl\"" -DENGINESDIR="\"/usr/local/lib64/engines-3\"" -DMODULESDIR="\"/usr/local/lib64/ossl-modules\"" -DOPENSSL_BUILDING_OPENSSL -DNDEBUG  -MMD -MF crypto/asn1/libcrypto-lib-f_int.d.tmp -c -o crypto/asn1/libcrypto-lib-f_int.o ../../deps/openssl/crypto/asn1/f_int.c
gcc  -I. -Iinclude -Iproviders/common/include -Iproviders/implementations/include -I../../deps/openssl -I../../deps/openssl/include -I../../deps/openssl/providers/common/include -I../../deps/openssl/providers/implementations/include  -DAES_ASM -DBSAES_ASM -DCMLL_ASM -DECP_NISTZ256_ASM -DGHASH_ASM -DKECCAK1600_ASM -DMD5_ASM -DOPENSSL_BN_ASM_GF2m -DOPENSSL_BN_ASM_MONT -DOPENSSL_BN_ASM_MONT5 -DOPENSSL_CPUID_OBJ -DOPENSSL_IA32_SSE2 -DPOLY1305_ASM -DRC4_ASM -DSHA1_ASM -DSHA256_ASM -DSHA512_ASM -DVPAES_ASM -DWHIRLPOOL_ASM -DX25519_ASM -fPIC -pthread -m64 -Wa,--noexecstack -Wall -O3 -DOPENSSL_USE_NODELETE -DL_ENDIAN -DOPENSSL_PIC -DOPENSSLDIR="\"/usr/local/ssl\"" -DENGINESDIR="\"/usr/local/lib64/engines-3\"" -DMODULESDIR="\"/usr/local/lib64/ossl-modules\"" -DOPENSSL_BUILDING_OPENSSL -DNDEBUG  -MMD -MF crypto/asn1/libcrypto-lib-f_string.d.tmp -c -o crypto/asn1/libcrypto-lib-f_string.o ../../deps/openssl/crypto/asn1/f_string.c
gcc  -I. -Iinclude -Iproviders/common/include -Iproviders/implementations/include -I../../deps/openssl -I../../deps/openssl/include -I../../deps/openssl/providers/common/include -I../../deps/openssl/providers/implementations/include  -DAES_ASM -DBSAES_ASM -DCMLL_ASM -DECP_NISTZ256_ASM -DGHASH_ASM -DKECCAK1600_ASM -DMD5_ASM -DOPENSSL_BN_ASM_GF2m -DOPENSSL_BN_ASM_MONT -DOPENSSL_BN_ASM_MONT5 -DOPENSSL_CPUID_OBJ -DOPENSSL_IA32_SSE2 -DPOLY1305_ASM -DRC4_ASM -DSHA1_ASM -DSHA256_ASM -DSHA512_ASM -DVPAES_ASM -DWHIRLPOOL_ASM -DX25519_ASM -fPIC -pthread -m64 -Wa,--noexecstack -Wall -O3 -DOPENSSL_USE_NODELETE -DL_ENDIAN -DOPENSSL_PIC -DOPENSSLDIR="\"/usr/local/ssl\"" -DENGINESDIR="\"/usr/local/lib64/engines-3\"" -DMODULESDIR="\"/usr/local/lib64/ossl-modules\"" -DOPENSSL_BUILDING_OPENSSL -DNDEBUG  -MMD -MF crypto/asn1/libcrypto-lib-i2d_evp.d.tmp -c -o crypto/asn1/libcrypto-lib-i2d_evp.o ../../deps/openssl/crypto/asn1/i2d_evp.c
gcc  -I. -Iinclude -Iproviders/common/include -Iproviders/implementations/include -I../../deps/openssl -I../../deps/openssl/include -I../../deps/openssl/providers/common/include -I../../deps/openssl/providers/implementations/include  -DAES_ASM -DBSAES_ASM -DCMLL_ASM -DECP_NISTZ256_ASM -DGHASH_ASM -DKECCAK1600_ASM -DMD5_ASM -DOPENSSL_BN_ASM_GF2m -DOPENSSL_BN_ASM_MONT -DOPENSSL_BN_ASM_MONT5 -DOPENSSL_CPUID_OBJ -DOPENSSL_IA32_SSE2 -DPOLY1305_ASM -DRC4_ASM -DSHA1_ASM -DSHA256_ASM -DSHA512_ASM -DVPAES_ASM -DWHIRLPOOL_ASM -DX25519_ASM -fPIC -pthread -m64 -Wa,--noexecstack -Wall -O3 -DOPENSSL_USE_NODELETE -DL_ENDIAN -DOPENSSL_PIC -DOPENSSLDIR="\"/usr/local/ssl\"" -DENGINESDIR="\"/usr/local/lib64/engines-3\"" -DMODULESDIR="\"/usr/local/lib64/ossl-modules\"" -DOPENSSL_BUILDING_OPENSSL -DNDEBUG  -MMD -MF crypto/asn1/libcrypto-lib-n_pkey.d.tmp -c -o crypto/asn1/libcrypto-lib-n_pkey.o ../../deps/openssl/crypto/asn1/n_pkey.c
gcc  -I. -Iinclude -Iproviders/common/include -Iproviders/implementations/include -I../../deps/openssl -I../../deps/openssl/include -I../../deps/openssl/providers/common/include -I../../deps/openssl/providers/implementations/include  -DAES_ASM -DBSAES_ASM -DCMLL_ASM -DECP_NISTZ256_ASM -DGHASH_ASM -DKECCAK1600_ASM -DMD5_ASM -DOPENSSL_BN_ASM_GF2m -DOPENSSL_BN_ASM_MONT -DOPENSSL_BN_ASM_MONT5 -DOPENSSL_CPUID_OBJ -DOPENSSL_IA32_SSE2 -DPOLY1305_ASM -DRC4_ASM -DSHA1_ASM -DSHA256_ASM -DSHA512_ASM -DVPAES_ASM -DWHIRLPOOL_ASM -DX25519_ASM -fPIC -pthread -m64 -Wa,--noexecstack -Wall -O3 -DOPENSSL_USE_NODELETE -DL_ENDIAN -DOPENSSL_PIC -DOPENSSLDIR="\"/usr/local/ssl\"" -DENGINESDIR="\"/usr/local/lib64/engines-3\"" -DMODULESDIR="\"/usr/local/lib64/ossl-modules\"" -DOPENSSL_BUILDING_OPENSSL -DNDEBUG  -MMD -MF crypto/asn1/libcrypto-lib-nsseq.d.tmp -c -o crypto/asn1/libcrypto-lib-nsseq.o ../../deps/openssl/crypto/asn1/nsseq.c
gcc  -I. -Iinclude -Iproviders/common/include -Iproviders/implementations/include -I../../deps/openssl -I../../deps/openssl/include -I../../deps/openssl/providers/common/include -I../../deps/openssl/providers/implementations/include  -DAES_ASM -DBSAES_ASM -DCMLL_ASM -DECP_NISTZ256_ASM -DGHASH_ASM -DKECCAK1600_ASM -DMD5_ASM -DOPENSSL_BN_ASM_GF2m -DOPENSSL_BN_ASM_MONT -DOPENSSL_BN_ASM_MONT5 -DOPENSSL_CPUID_OBJ -DOPENSSL_IA32_SSE2 -DPOLY1305_ASM -DRC4_ASM -DSHA1_ASM -DSHA256_ASM -DSHA512_ASM -DVPAES_ASM -DWHIRLPOOL_ASM -DX25519_ASM -fPIC -pthread -m64 -Wa,--noexecstack -Wall -O3 -DOPENSSL_USE_NODELETE -DL_ENDIAN -DOPENSSL_PIC -DOPENSSLDIR="\"/usr/local/ssl\"" -DENGINESDIR="\"/usr/local/lib64/engines-3\"" -DMODULESDIR="\"/usr/local/lib64/ossl-modules\"" -DOPENSSL_BUILDING_OPENSSL -DNDEBUG  -MMD -MF crypto/asn1/libcrypto-lib-p5_pbe.d.tmp -c -o crypto/asn1/libcrypto-lib-p5_pbe.o ../../deps/openssl/crypto/asn1/p5_pbe.c
gcc  -I. -Iinclude -Iproviders/common/include -Iproviders/implementations/include -I../../deps/openssl -I../../deps/openssl/include -I../../deps/openssl/providers/common/include -I../../deps/openssl/providers/implementations/include  -DAES_ASM -DBSAES_ASM -DCMLL_ASM -DECP_NISTZ256_ASM -DGHASH_ASM -DKECCAK1600_ASM -DMD5_ASM -DOPENSSL_BN_ASM_GF2m -DOPENSSL_BN_ASM_MONT -DOPENSSL_BN_ASM_MONT5 -DOPENSSL_CPUID_OBJ -DOPENSSL_IA32_SSE2 -DPOLY1305_ASM -DRC4_ASM -DSHA1_ASM -DSHA256_ASM -DSHA512_ASM -DVPAES_ASM -DWHIRLPOOL_ASM -DX25519_ASM -fPIC -pthread -m64 -Wa,--noexecstack -Wall -O3 -DOPENSSL_USE_NODELETE -DL_ENDIAN -DOPENSSL_PIC -DOPENSSLDIR="\"/usr/local/ssl\"" -DENGINESDIR="\"/usr/local/lib64/engines-3\"" -DMODULESDIR="\"/usr/local/lib64/ossl-modules\"" -DOPENSSL_BUILDING_OPENSSL -DNDEBUG  -MMD -MF crypto/asn1/libcrypto-lib-p5_pbev2.d.tmp -c -o crypto/asn1/libcrypto-lib-p5_pbev2.o ../../deps/openssl/crypto/asn1/p5_pbev2.c
gcc  -I. -Iinclude -Iproviders/common/include -Iproviders/implementations/include -I../../deps/openssl -I../../deps/openssl/include -I../../deps/openssl/providers/common/include -I../../deps/openssl/providers/implementations/include  -DAES_ASM -DBSAES_ASM -DCMLL_ASM -DECP_NISTZ256_ASM -DGHASH_ASM -DKECCAK1600_ASM -DMD5_ASM -DOPENSSL_BN_ASM_GF2m -DOPENSSL_BN_ASM_MONT -DOPENSSL_BN_ASM_MONT5 -DOPENSSL_CPUID_OBJ -DOPENSSL_IA32_SSE2 -DPOLY1305_ASM -DRC4_ASM -DSHA1_ASM -DSHA256_ASM -DSHA512_ASM -DVPAES_ASM -DWHIRLPOOL_ASM -DX25519_ASM -fPIC -pthread -m64 -Wa,--noexecstack -Wall -O3 -DOPENSSL_USE_NODELETE -DL_ENDIAN -DOPENSSL_PIC -DOPENSSLDIR="\"/usr/local/ssl\"" -DENGINESDIR="\"/usr/local/lib64/engines-3\"" -DMODULESDIR="\"/usr/local/lib64/ossl-modules\"" -DOPENSSL_BUILDING_OPENSSL -DNDEBUG  -MMD -MF crypto/asn1/libcrypto-lib-p5_scrypt.d.tmp -c -o crypto/asn1/libcrypto-lib-p5_scrypt.o ../../deps/openssl/crypto/asn1/p5_scrypt.c
gcc  -I. -Iinclude -Iproviders/common/include -Iproviders/implementations/include -I../../deps/openssl -I../../deps/openssl/include -I../../deps/openssl/providers/common/include -I../../deps/openssl/providers/implementations/include  -DAES_ASM -DBSAES_ASM -DCMLL_ASM -DECP_NISTZ256_ASM -DGHASH_ASM -DKECCAK1600_ASM -DMD5_ASM -DOPENSSL_BN_ASM_GF2m -DOPENSSL_BN_ASM_MONT -DOPENSSL_BN_ASM_MONT5 -DOPENSSL_CPUID_OBJ -DOPENSSL_IA32_SSE2 -DPOLY1305_ASM -DRC4_ASM -DSHA1_ASM -DSHA256_ASM -DSHA512_ASM -DVPAES_ASM -DWHIRLPOOL_ASM -DX25519_ASM -fPIC -pthread -m64 -Wa,--noexecstack -Wall -O3 -DOPENSSL_USE_NODELETE -DL_ENDIAN -DOPENSSL_PIC -DOPENSSLDIR="\"/usr/local/ssl\"" -DENGINESDIR="\"/usr/local/lib64/engines-3\"" -DMODULESDIR="\"/usr/local/lib64/ossl-modules\"" -DOPENSSL_BUILDING_OPENSSL -DNDEBUG  -MMD -MF crypto/asn1/libcrypto-lib-p8_pkey.d.tmp -c -o crypto/asn1/libcrypto-lib-p8_pkey.o ../../deps/openssl/crypto/asn1/p8_pkey.c
gcc  -I. -Iinclude -Iproviders/common/include -Iproviders/implementations/include -I../../deps/openssl -I../../deps/openssl/include -I../../deps/openssl/providers/common/include -I../../deps/openssl/providers/implementations/include  -DAES_ASM -DBSAES_ASM -DCMLL_ASM -DECP_NISTZ256_ASM -DGHASH_ASM -DKECCAK1600_ASM -DMD5_ASM -DOPENSSL_BN_ASM_GF2m -DOPENSSL_BN_ASM_MONT -DOPENSSL_BN_ASM_MONT5 -DOPENSSL_CPUID_OBJ -DOPENSSL_IA32_SSE2 -DPOLY1305_ASM -DRC4_ASM -DSHA1_ASM -DSHA256_ASM -DSHA512_ASM -DVPAES_ASM -DWHIRLPOOL_ASM -DX25519_ASM -fPIC -pthread -m64 -Wa,--noexecstack -Wall -O3 -DOPENSSL_USE_NODELETE -DL_ENDIAN -DOPENSSL_PIC -DOPENSSLDIR="\"/usr/local/ssl\"" -DENGINESDIR="\"/usr/local/lib64/engines-3\"" -DMODULESDIR="\"/usr/local/lib64/ossl-modules\"" -DOPENSSL_BUILDING_OPENSSL -DNDEBUG  -MMD -MF crypto/asn1/libcrypto-lib-t_bitst.d.tmp -c -o crypto/asn1/libcrypto-lib-t_bitst.o ../../deps/openssl/crypto/asn1/t_bitst.c
gcc  -I. -Iinclude -Iproviders/common/include -Iproviders/implementations/include -I../../deps/openssl -I../../deps/openssl/include -I../../deps/openssl/providers/common/include -I../../deps/openssl/providers/implementations/include  -DAES_ASM -DBSAES_ASM -DCMLL_ASM -DECP_NISTZ256_ASM -DGHASH_ASM -DKECCAK1600_ASM -DMD5_ASM -DOPENSSL_BN_ASM_GF2m -DOPENSSL_BN_ASM_MONT -DOPENSSL_BN_ASM_MONT5 -DOPENSSL_CPUID_OBJ -DOPENSSL_IA32_SSE2 -DPOLY1305_ASM -DRC4_ASM -DSHA1_ASM -DSHA256_ASM -DSHA512_ASM -DVPAES_ASM -DWHIRLPOOL_ASM -DX25519_ASM -fPIC -pthread -m64 -Wa,--noexecstack -Wall -O3 -DOPENSSL_USE_NODELETE -DL_ENDIAN -DOPENSSL_PIC -DOPENSSLDIR="\"/usr/local/ssl\"" -DENGINESDIR="\"/usr/local/lib64/engines-3\"" -DMODULESDIR="\"/usr/local/lib64/ossl-modules\"" -DOPENSSL_BUILDING_OPENSSL -DNDEBUG  -MMD -MF crypto/asn1/libcrypto-lib-t_pkey.d.tmp -c -o crypto/asn1/libcrypto-lib-t_pkey.o ../../deps/openssl/crypto/asn1/t_pkey.c
gcc  -I. -Iinclude -Iproviders/common/include -Iproviders/implementations/include -I../../deps/openssl -I../../deps/openssl/include -I../../deps/openssl/providers/common/include -I../../deps/openssl/providers/implementations/include  -DAES_ASM -DBSAES_ASM -DCMLL_ASM -DECP_NISTZ256_ASM -DGHASH_ASM -DKECCAK1600_ASM -DMD5_ASM -DOPENSSL_BN_ASM_GF2m -DOPENSSL_BN_ASM_MONT -DOPENSSL_BN_ASM_MONT5 -DOPENSSL_CPUID_OBJ -DOPENSSL_IA32_SSE2 -DPOLY1305_ASM -DRC4_ASM -DSHA1_ASM -DSHA256_ASM -DSHA512_ASM -DVPAES_ASM -DWHIRLPOOL_ASM -DX25519_ASM -fPIC -pthread -m64 -Wa,--noexecstack -Wall -O3 -DOPENSSL_USE_NODELETE -DL_ENDIAN -DOPENSSL_PIC -DOPENSSLDIR="\"/usr/local/ssl\"" -DENGINESDIR="\"/usr/local/lib64/engines-3\"" -DMODULESDIR="\"/usr/local/lib64/ossl-modules\"" -DOPENSSL_BUILDING_OPENSSL -DNDEBUG  -MMD -MF crypto/asn1/libcrypto-lib-t_spki.d.tmp -c -o crypto/asn1/libcrypto-lib-t_spki.o ../../deps/openssl/crypto/asn1/t_spki.c
gcc  -I. -Iinclude -Iproviders/common/include -Iproviders/implementations/include -I../../deps/openssl -I../../deps/openssl/include -I../../deps/openssl/providers/common/include -I../../deps/openssl/providers/implementations/include  -DAES_ASM -DBSAES_ASM -DCMLL_ASM -DECP_NISTZ256_ASM -DGHASH_ASM -DKECCAK1600_ASM -DMD5_ASM -DOPENSSL_BN_ASM_GF2m -DOPENSSL_BN_ASM_MONT -DOPENSSL_BN_ASM_MONT5 -DOPENSSL_CPUID_OBJ -DOPENSSL_IA32_SSE2 -DPOLY1305_ASM -DRC4_ASM -DSHA1_ASM -DSHA256_ASM -DSHA512_ASM -DVPAES_ASM -DWHIRLPOOL_ASM -DX25519_ASM -fPIC -pthread -m64 -Wa,--noexecstack -Wall -O3 -DOPENSSL_USE_NODELETE -DL_ENDIAN -DOPENSSL_PIC -DOPENSSLDIR="\"/usr/local/ssl\"" -DENGINESDIR="\"/usr/local/lib64/engines-3\"" -DMODULESDIR="\"/usr/local/lib64/ossl-modules\"" -DOPENSSL_BUILDING_OPENSSL -DNDEBUG  -MMD -MF crypto/asn1/libcrypto-lib-tasn_dec.d.tmp -c -o crypto/asn1/libcrypto-lib-tasn_dec.o ../../deps/openssl/crypto/asn1/tasn_dec.c
gcc  -I. -Iinclude -Iproviders/common/include -Iproviders/implementations/include -I../../deps/openssl -I../../deps/openssl/include -I../../deps/openssl/providers/common/include -I../../deps/openssl/providers/implementations/include  -DAES_ASM -DBSAES_ASM -DCMLL_ASM -DECP_NISTZ256_ASM -DGHASH_ASM -DKECCAK1600_ASM -DMD5_ASM -DOPENSSL_BN_ASM_GF2m -DOPENSSL_BN_ASM_MONT -DOPENSSL_BN_ASM_MONT5 -DOPENSSL_CPUID_OBJ -DOPENSSL_IA32_SSE2 -DPOLY1305_ASM -DRC4_ASM -DSHA1_ASM -DSHA256_ASM -DSHA512_ASM -DVPAES_ASM -DWHIRLPOOL_ASM -DX25519_ASM -fPIC -pthread -m64 -Wa,--noexecstack -Wall -O3 -DOPENSSL_USE_NODELETE -DL_ENDIAN -DOPENSSL_PIC -DOPENSSLDIR="\"/usr/local/ssl\"" -DENGINESDIR="\"/usr/local/lib64/engines-3\"" -DMODULESDIR="\"/usr/local/lib64/ossl-modules\"" -DOPENSSL_BUILDING_OPENSSL -DNDEBUG  -MMD -MF crypto/asn1/libcrypto-lib-tasn_enc.d.tmp -c -o crypto/asn1/libcrypto-lib-tasn_enc.o ../../deps/openssl/crypto/asn1/tasn_enc.c
gcc  -I. -Iinclude -Iproviders/common/include -Iproviders/implementations/include -I../../deps/openssl -I../../deps/openssl/include -I../../deps/openssl/providers/common/include -I../../deps/openssl/providers/implementations/include  -DAES_ASM -DBSAES_ASM -DCMLL_ASM -DECP_NISTZ256_ASM -DGHASH_ASM -DKECCAK1600_ASM -DMD5_ASM -DOPENSSL_BN_ASM_GF2m -DOPENSSL_BN_ASM_MONT -DOPENSSL_BN_ASM_MONT5 -DOPENSSL_CPUID_OBJ -DOPENSSL_IA32_SSE2 -DPOLY1305_ASM -DRC4_ASM -DSHA1_ASM -DSHA256_ASM -DSHA512_ASM -DVPAES_ASM -DWHIRLPOOL_ASM -DX25519_ASM -fPIC -pthread -m64 -Wa,--noexecstack -Wall -O3 -DOPENSSL_USE_NODELETE -DL_ENDIAN -DOPENSSL_PIC -DOPENSSLDIR="\"/usr/local/ssl\"" -DENGINESDIR="\"/usr/local/lib64/engines-3\"" -DMODULESDIR="\"/usr/local/lib64/ossl-modules\"" -DOPENSSL_BUILDING_OPENSSL -DNDEBUG  -MMD -MF crypto/asn1/libcrypto-lib-tasn_fre.d.tmp -c -o crypto/asn1/libcrypto-lib-tasn_fre.o ../../deps/openssl/crypto/asn1/tasn_fre.c
gcc  -I. -Iinclude -Iproviders/common/include -Iproviders/implementations/include -I../../deps/openssl -I../../deps/openssl/include -I../../deps/openssl/providers/common/include -I../../deps/openssl/providers/implementations/include  -DAES_ASM -DBSAES_ASM -DCMLL_ASM -DECP_NISTZ256_ASM -DGHASH_ASM -DKECCAK1600_ASM -DMD5_ASM -DOPENSSL_BN_ASM_GF2m -DOPENSSL_BN_ASM_MONT -DOPENSSL_BN_ASM_MONT5 -DOPENSSL_CPUID_OBJ -DOPENSSL_IA32_SSE2 -DPOLY1305_ASM -DRC4_ASM -DSHA1_ASM -DSHA256_ASM -DSHA512_ASM -DVPAES_ASM -DWHIRLPOOL_ASM -DX25519_ASM -fPIC -pthread -m64 -Wa,--noexecstack -Wall -O3 -DOPENSSL_USE_NODELETE -DL_ENDIAN -DOPENSSL_PIC -DOPENSSLDIR="\"/usr/local/ssl\"" -DENGINESDIR="\"/usr/local/lib64/engines-3\"" -DMODULESDIR="\"/usr/local/lib64/ossl-modules\"" -DOPENSSL_BUILDING_OPENSSL -DNDEBUG  -MMD -MF crypto/asn1/libcrypto-lib-tasn_new.d.tmp -c -o crypto/asn1/libcrypto-lib-tasn_new.o ../../deps/openssl/crypto/asn1/tasn_new.c
gcc  -I. -Iinclude -Iproviders/common/include -Iproviders/implementations/include -I../../deps/openssl -I../../deps/openssl/include -I../../deps/openssl/providers/common/include -I../../deps/openssl/providers/implementations/include  -DAES_ASM -DBSAES_ASM -DCMLL_ASM -DECP_NISTZ256_ASM -DGHASH_ASM -DKECCAK1600_ASM -DMD5_ASM -DOPENSSL_BN_ASM_GF2m -DOPENSSL_BN_ASM_MONT -DOPENSSL_BN_ASM_MONT5 -DOPENSSL_CPUID_OBJ -DOPENSSL_IA32_SSE2 -DPOLY1305_ASM -DRC4_ASM -DSHA1_ASM -DSHA256_ASM -DSHA512_ASM -DVPAES_ASM -DWHIRLPOOL_ASM -DX25519_ASM -fPIC -pthread -m64 -Wa,--noexecstack -Wall -O3 -DOPENSSL_USE_NODELETE -DL_ENDIAN -DOPENSSL_PIC -DOPENSSLDIR="\"/usr/local/ssl\"" -DENGINESDIR="\"/usr/local/lib64/engines-3\"" -DMODULESDIR="\"/usr/local/lib64/ossl-modules\"" -DOPENSSL_BUILDING_OPENSSL -DNDEBUG  -MMD -MF crypto/asn1/libcrypto-lib-tasn_prn.d.tmp -c -o crypto/asn1/libcrypto-lib-tasn_prn.o ../../deps/openssl/crypto/asn1/tasn_prn.c
gcc  -I. -Iinclude -Iproviders/common/include -Iproviders/implementations/include -I../../deps/openssl -I../../deps/openssl/include -I../../deps/openssl/providers/common/include -I../../deps/openssl/providers/implementations/include  -DAES_ASM -DBSAES_ASM -DCMLL_ASM -DECP_NISTZ256_ASM -DGHASH_ASM -DKECCAK1600_ASM -DMD5_ASM -DOPENSSL_BN_ASM_GF2m -DOPENSSL_BN_ASM_MONT -DOPENSSL_BN_ASM_MONT5 -DOPENSSL_CPUID_OBJ -DOPENSSL_IA32_SSE2 -DPOLY1305_ASM -DRC4_ASM -DSHA1_ASM -DSHA256_ASM -DSHA512_ASM -DVPAES_ASM -DWHIRLPOOL_ASM -DX25519_ASM -fPIC -pthread -m64 -Wa,--noexecstack -Wall -O3 -DOPENSSL_USE_NODELETE -DL_ENDIAN -DOPENSSL_PIC -DOPENSSLDIR="\"/usr/local/ssl\"" -DENGINESDIR="\"/usr/local/lib64/engines-3\"" -DMODULESDIR="\"/usr/local/lib64/ossl-modules\"" -DOPENSSL_BUILDING_OPENSSL -DNDEBUG  -MMD -MF crypto/asn1/libcrypto-lib-tasn_scn.d.tmp -c -o crypto/asn1/libcrypto-lib-tasn_scn.o ../../deps/openssl/crypto/asn1/tasn_scn.c
gcc  -I. -Iinclude -Iproviders/common/include -Iproviders/implementations/include -I../../deps/openssl -I../../deps/openssl/include -I../../deps/openssl/providers/common/include -I../../deps/openssl/providers/implementations/include  -DAES_ASM -DBSAES_ASM -DCMLL_ASM -DECP_NISTZ256_ASM -DGHASH_ASM -DKECCAK1600_ASM -DMD5_ASM -DOPENSSL_BN_ASM_GF2m -DOPENSSL_BN_ASM_MONT -DOPENSSL_BN_ASM_MONT5 -DOPENSSL_CPUID_OBJ -DOPENSSL_IA32_SSE2 -DPOLY1305_ASM -DRC4_ASM -DSHA1_ASM -DSHA256_ASM -DSHA512_ASM -DVPAES_ASM -DWHIRLPOOL_ASM -DX25519_ASM -fPIC -pthread -m64 -Wa,--noexecstack -Wall -O3 -DOPENSSL_USE_NODELETE -DL_ENDIAN -DOPENSSL_PIC -DOPENSSLDIR="\"/usr/local/ssl\"" -DENGINESDIR="\"/usr/local/lib64/engines-3\"" -DMODULESDIR="\"/usr/local/lib64/ossl-modules\"" -DOPENSSL_BUILDING_OPENSSL -DNDEBUG  -MMD -MF crypto/asn1/libcrypto-lib-tasn_typ.d.tmp -c -o crypto/asn1/libcrypto-lib-tasn_typ.o ../../deps/openssl/crypto/asn1/tasn_typ.c
gcc  -I. -Iinclude -Iproviders/common/include -Iproviders/implementations/include -I../../deps/openssl -I../../deps/openssl/include -I../../deps/openssl/providers/common/include -I../../deps/openssl/providers/implementations/include  -DAES_ASM -DBSAES_ASM -DCMLL_ASM -DECP_NISTZ256_ASM -DGHASH_ASM -DKECCAK1600_ASM -DMD5_ASM -DOPENSSL_BN_ASM_GF2m -DOPENSSL_BN_ASM_MONT -DOPENSSL_BN_ASM_MONT5 -DOPENSSL_CPUID_OBJ -DOPENSSL_IA32_SSE2 -DPOLY1305_ASM -DRC4_ASM -DSHA1_ASM -DSHA256_ASM -DSHA512_ASM -DVPAES_ASM -DWHIRLPOOL_ASM -DX25519_ASM -fPIC -pthread -m64 -Wa,--noexecstack -Wall -O3 -DOPENSSL_USE_NODELETE -DL_ENDIAN -DOPENSSL_PIC -DOPENSSLDIR="\"/usr/local/ssl\"" -DENGINESDIR="\"/usr/local/lib64/engines-3\"" -DMODULESDIR="\"/usr/local/lib64/ossl-modules\"" -DOPENSSL_BUILDING_OPENSSL -DNDEBUG  -MMD -MF crypto/asn1/libcrypto-lib-tasn_utl.d.tmp -c -o crypto/asn1/libcrypto-lib-tasn_utl.o ../../deps/openssl/crypto/asn1/tasn_utl.c
gcc  -I. -Iinclude -Iproviders/common/include -Iproviders/implementations/include -I../../deps/openssl -I../../deps/openssl/include -I../../deps/openssl/providers/common/include -I../../deps/openssl/providers/implementations/include  -DAES_ASM -DBSAES_ASM -DCMLL_ASM -DECP_NISTZ256_ASM -DGHASH_ASM -DKECCAK1600_ASM -DMD5_ASM -DOPENSSL_BN_ASM_GF2m -DOPENSSL_BN_ASM_MONT -DOPENSSL_BN_ASM_MONT5 -DOPENSSL_CPUID_OBJ -DOPENSSL_IA32_SSE2 -DPOLY1305_ASM -DRC4_ASM -DSHA1_ASM -DSHA256_ASM -DSHA512_ASM -DVPAES_ASM -DWHIRLPOOL_ASM -DX25519_ASM -fPIC -pthread -m64 -Wa,--noexecstack -Wall -O3 -DOPENSSL_USE_NODELETE -DL_ENDIAN -DOPENSSL_PIC -DOPENSSLDIR="\"/usr/local/ssl\"" -DENGINESDIR="\"/usr/local/lib64/engines-3\"" -DMODULESDIR="\"/usr/local/lib64/ossl-modules\"" -DOPENSSL_BUILDING_OPENSSL -DNDEBUG  -MMD -MF crypto/asn1/libcrypto-lib-x_algor.d.tmp -c -o crypto/asn1/libcrypto-lib-x_algor.o ../../deps/openssl/crypto/asn1/x_algor.c
gcc  -I. -Iinclude -Iproviders/common/include -Iproviders/implementations/include -I../../deps/openssl -I../../deps/openssl/include -I../../deps/openssl/providers/common/include -I../../deps/openssl/providers/implementations/include  -DAES_ASM -DBSAES_ASM -DCMLL_ASM -DECP_NISTZ256_ASM -DGHASH_ASM -DKECCAK1600_ASM -DMD5_ASM -DOPENSSL_BN_ASM_GF2m -DOPENSSL_BN_ASM_MONT -DOPENSSL_BN_ASM_MONT5 -DOPENSSL_CPUID_OBJ -DOPENSSL_IA32_SSE2 -DPOLY1305_ASM -DRC4_ASM -DSHA1_ASM -DSHA256_ASM -DSHA512_ASM -DVPAES_ASM -DWHIRLPOOL_ASM -DX25519_ASM -fPIC -pthread -m64 -Wa,--noexecstack -Wall -O3 -DOPENSSL_USE_NODELETE -DL_ENDIAN -DOPENSSL_PIC -DOPENSSLDIR="\"/usr/local/ssl\"" -DENGINESDIR="\"/usr/local/lib64/engines-3\"" -DMODULESDIR="\"/usr/local/lib64/ossl-modules\"" -DOPENSSL_BUILDING_OPENSSL -DNDEBUG  -MMD -MF crypto/asn1/libcrypto-lib-x_bignum.d.tmp -c -o crypto/asn1/libcrypto-lib-x_bignum.o ../../deps/openssl/crypto/asn1/x_bignum.c
gcc  -I. -Iinclude -Iproviders/common/include -Iproviders/implementations/include -I../../deps/openssl -I../../deps/openssl/include -I../../deps/openssl/providers/common/include -I../../deps/openssl/providers/implementations/include  -DAES_ASM -DBSAES_ASM -DCMLL_ASM -DECP_NISTZ256_ASM -DGHASH_ASM -DKECCAK1600_ASM -DMD5_ASM -DOPENSSL_BN_ASM_GF2m -DOPENSSL_BN_ASM_MONT -DOPENSSL_BN_ASM_MONT5 -DOPENSSL_CPUID_OBJ -DOPENSSL_IA32_SSE2 -DPOLY1305_ASM -DRC4_ASM -DSHA1_ASM -DSHA256_ASM -DSHA512_ASM -DVPAES_ASM -DWHIRLPOOL_ASM -DX25519_ASM -fPIC -pthread -m64 -Wa,--noexecstack -Wall -O3 -DOPENSSL_USE_NODELETE -DL_ENDIAN -DOPENSSL_PIC -DOPENSSLDIR="\"/usr/local/ssl\"" -DENGINESDIR="\"/usr/local/lib64/engines-3\"" -DMODULESDIR="\"/usr/local/lib64/ossl-modules\"" -DOPENSSL_BUILDING_OPENSSL -DNDEBUG  -MMD -MF crypto/asn1/libcrypto-lib-x_info.d.tmp -c -o crypto/asn1/libcrypto-lib-x_info.o ../../deps/openssl/crypto/asn1/x_info.c
gcc  -I. -Iinclude -Iproviders/common/include -Iproviders/implementations/include -I../../deps/openssl -I../../deps/openssl/include -I../../deps/openssl/providers/common/include -I../../deps/openssl/providers/implementations/include  -DAES_ASM -DBSAES_ASM -DCMLL_ASM -DECP_NISTZ256_ASM -DGHASH_ASM -DKECCAK1600_ASM -DMD5_ASM -DOPENSSL_BN_ASM_GF2m -DOPENSSL_BN_ASM_MONT -DOPENSSL_BN_ASM_MONT5 -DOPENSSL_CPUID_OBJ -DOPENSSL_IA32_SSE2 -DPOLY1305_ASM -DRC4_ASM -DSHA1_ASM -DSHA256_ASM -DSHA512_ASM -DVPAES_ASM -DWHIRLPOOL_ASM -DX25519_ASM -fPIC -pthread -m64 -Wa,--noexecstack -Wall -O3 -DOPENSSL_USE_NODELETE -DL_ENDIAN -DOPENSSL_PIC -DOPENSSLDIR="\"/usr/local/ssl\"" -DENGINESDIR="\"/usr/local/lib64/engines-3\"" -DMODULESDIR="\"/usr/local/lib64/ossl-modules\"" -DOPENSSL_BUILDING_OPENSSL -DNDEBUG  -MMD -MF crypto/asn1/libcrypto-lib-x_int64.d.tmp -c -o crypto/asn1/libcrypto-lib-x_int64.o ../../deps/openssl/crypto/asn1/x_int64.c
gcc  -I. -Iinclude -Iproviders/common/include -Iproviders/implementations/include -I../../deps/openssl -I../../deps/openssl/include -I../../deps/openssl/providers/common/include -I../../deps/openssl/providers/implementations/include  -DAES_ASM -DBSAES_ASM -DCMLL_ASM -DECP_NISTZ256_ASM -DGHASH_ASM -DKECCAK1600_ASM -DMD5_ASM -DOPENSSL_BN_ASM_GF2m -DOPENSSL_BN_ASM_MONT -DOPENSSL_BN_ASM_MONT5 -DOPENSSL_CPUID_OBJ -DOPENSSL_IA32_SSE2 -DPOLY1305_ASM -DRC4_ASM -DSHA1_ASM -DSHA256_ASM -DSHA512_ASM -DVPAES_ASM -DWHIRLPOOL_ASM -DX25519_ASM -fPIC -pthread -m64 -Wa,--noexecstack -Wall -O3 -DOPENSSL_USE_NODELETE -DL_ENDIAN -DOPENSSL_PIC -DOPENSSLDIR="\"/usr/local/ssl\"" -DENGINESDIR="\"/usr/local/lib64/engines-3\"" -DMODULESDIR="\"/usr/local/lib64/ossl-modules\"" -DOPENSSL_BUILDING_OPENSSL -DNDEBUG  -MMD -MF crypto/asn1/libcrypto-lib-x_pkey.d.tmp -c -o crypto/asn1/libcrypto-lib-x_pkey.o ../../deps/openssl/crypto/asn1/x_pkey.c
gcc  -I. -Iinclude -Iproviders/common/include -Iproviders/implementations/include -I../../deps/openssl -I../../deps/openssl/include -I../../deps/openssl/providers/common/include -I../../deps/openssl/providers/implementations/include  -DAES_ASM -DBSAES_ASM -DCMLL_ASM -DECP_NISTZ256_ASM -DGHASH_ASM -DKECCAK1600_ASM -DMD5_ASM -DOPENSSL_BN_ASM_GF2m -DOPENSSL_BN_ASM_MONT -DOPENSSL_BN_ASM_MONT5 -DOPENSSL_CPUID_OBJ -DOPENSSL_IA32_SSE2 -DPOLY1305_ASM -DRC4_ASM -DSHA1_ASM -DSHA256_ASM -DSHA512_ASM -DVPAES_ASM -DWHIRLPOOL_ASM -DX25519_ASM -fPIC -pthread -m64 -Wa,--noexecstack -Wall -O3 -DOPENSSL_USE_NODELETE -DL_ENDIAN -DOPENSSL_PIC -DOPENSSLDIR="\"/usr/local/ssl\"" -DENGINESDIR="\"/usr/local/lib64/engines-3\"" -DMODULESDIR="\"/usr/local/lib64/ossl-modules\"" -DOPENSSL_BUILDING_OPENSSL -DNDEBUG  -MMD -MF crypto/asn1/libcrypto-lib-x_sig.d.tmp -c -o crypto/asn1/libcrypto-lib-x_sig.o ../../deps/openssl/crypto/asn1/x_sig.c
make[1]: *** [Makefile:14730: crypto/asn1/libcrypto-lib-x_sig.o] Terminated
make[1]: *** [Makefile:14714: crypto/asn1/libcrypto-lib-x_int64.o] Terminated
make: *** wait: No child processes.  Stop.
make: *** Waiting for unfinished jobs....
make: *** wait: No child processes.  Stop.
make[1]: *** [Makefile:14706: crypto/asn1/libcrypto-lib-x_info.o] Terminated
make[1]: *** [Makefile:14722: crypto/asn1/libcrypto-lib-x_pkey.o] Terminated
